Analysis & Synthesis report for DE0_top
Mon Sep 12 01:42:14 2022
Quartus Prime Version 17.0.0 Build 595 04/25/2017 SJ Lite Edition


---------------------
; Table of Contents ;
---------------------
  1. Legal Notice
  2. Analysis & Synthesis Summary
  3. Analysis & Synthesis Settings
  4. Parallel Compilation
  5. Analysis & Synthesis Source Files Read
  6. Analysis & Synthesis Resource Usage Summary
  7. Analysis & Synthesis Resource Utilization by Entity
  8. Analysis & Synthesis DSP Block Usage Summary
  9. User-Specified and Inferred Latches
 10. General Register Statistics
 11. Multiplexer Restructuring Statistics (Restructuring Performed)
 12. Parameter Settings for Inferred Entity Instance: multiplier:mul|lpm_mult:Mult0
 13. lpm_mult Parameter Settings by Entity Instance
 14. Post-Synthesis Netlist Statistics for Top Partition
 15. Elapsed Time Per Partition
 16. Analysis & Synthesis Messages



----------------
; Legal Notice ;
----------------
Copyright (C) 2017  Intel Corporation. All rights reserved.
Your use of Intel Corporation's design tools, logic functions 
and other software and tools, and its AMPP partner logic 
functions, and any output files from any of the foregoing 
(including device programming or simulation files), and any 
associated documentation or information are expressly subject 
to the terms and conditions of the Intel Program License 
Subscription Agreement, the Intel Quartus Prime License Agreement,
the Intel MegaCore Function License Agreement, or other 
applicable license agreement, including, without limitation, 
that your use is for the sole purpose of programming logic 
devices manufactured by Intel and sold by Intel or its 
authorized distributors.  Please refer to the applicable 
agreement for further details.



+----------------------------------------------------------------------------------+
; Analysis & Synthesis Summary                                                     ;
+------------------------------------+---------------------------------------------+
; Analysis & Synthesis Status        ; Successful - Mon Sep 12 01:42:14 2022       ;
; Quartus Prime Version              ; 17.0.0 Build 595 04/25/2017 SJ Lite Edition ;
; Revision Name                      ; DE0_top                                     ;
; Top-level Entity Name              ; ai_accel                                    ;
; Family                             ; MAX 10                                      ;
; Total logic elements               ; 624                                         ;
;     Total combinational functions  ; 368                                         ;
;     Dedicated logic registers      ; 306                                         ;
; Total registers                    ; 306                                         ;
; Total pins                         ; 116                                         ;
; Total virtual pins                 ; 0                                           ;
; Total memory bits                  ; 0                                           ;
; Embedded Multiplier 9-bit elements ; 1                                           ;
; Total PLLs                         ; 0                                           ;
; UFM blocks                         ; 0                                           ;
; ADC blocks                         ; 0                                           ;
+------------------------------------+---------------------------------------------+


+----------------------------------------------------------------------------------------------------------------------+
; Analysis & Synthesis Settings                                                                                        ;
+----------------------------------------------------------------------------+--------------------+--------------------+
; Option                                                                     ; Setting            ; Default Value      ;
+----------------------------------------------------------------------------+--------------------+--------------------+
; Device                                                                     ; 10M50DAF484C7G     ;                    ;
; Top-level entity name                                                      ; ai_accel           ; DE0_top            ;
; Family name                                                                ; MAX 10             ; Cyclone IV GX      ;
; Maximum processors allowed for parallel compilation                        ; 4                  ;                    ;
; Verilog Show LMF Mapping Messages                                          ; Off                ;                    ;
; Use smart compilation                                                      ; Off                ; Off                ;
; Enable parallel Assembler and TimeQuest Timing Analyzer during compilation ; On                 ; On                 ;
; Enable compact report table                                                ; Off                ; Off                ;
; Restructure Multiplexers                                                   ; Auto               ; Auto               ;
; Create Debugging Nodes for IP Cores                                        ; Off                ; Off                ;
; Preserve fewer node names                                                  ; On                 ; On                 ;
; OpenCore Plus hardware evaluation                                          ; Enable             ; Enable             ;
; Verilog Version                                                            ; Verilog_2001       ; Verilog_2001       ;
; VHDL Version                                                               ; VHDL_1993          ; VHDL_1993          ;
; State Machine Processing                                                   ; Auto               ; Auto               ;
; Safe State Machine                                                         ; Off                ; Off                ;
; Extract Verilog State Machines                                             ; On                 ; On                 ;
; Extract VHDL State Machines                                                ; On                 ; On                 ;
; Ignore Verilog initial constructs                                          ; Off                ; Off                ;
; Iteration limit for constant Verilog loops                                 ; 5000               ; 5000               ;
; Iteration limit for non-constant Verilog loops                             ; 250                ; 250                ;
; Add Pass-Through Logic to Inferred RAMs                                    ; On                 ; On                 ;
; Infer RAMs from Raw Logic                                                  ; On                 ; On                 ;
; Parallel Synthesis                                                         ; On                 ; On                 ;
; DSP Block Balancing                                                        ; Auto               ; Auto               ;
; NOT Gate Push-Back                                                         ; On                 ; On                 ;
; Power-Up Don't Care                                                        ; On                 ; On                 ;
; Remove Redundant Logic Cells                                               ; Off                ; Off                ;
; Remove Duplicate Registers                                                 ; On                 ; On                 ;
; Ignore CARRY Buffers                                                       ; Off                ; Off                ;
; Ignore CASCADE Buffers                                                     ; Off                ; Off                ;
; Ignore GLOBAL Buffers                                                      ; Off                ; Off                ;
; Ignore ROW GLOBAL Buffers                                                  ; Off                ; Off                ;
; Ignore LCELL Buffers                                                       ; Off                ; Off                ;
; Ignore SOFT Buffers                                                        ; On                 ; On                 ;
; Limit AHDL Integers to 32 Bits                                             ; Off                ; Off                ;
; Optimization Technique                                                     ; Balanced           ; Balanced           ;
; Carry Chain Length                                                         ; 70                 ; 70                 ;
; Auto Carry Chains                                                          ; On                 ; On                 ;
; Auto Open-Drain Pins                                                       ; On                 ; On                 ;
; Perform WYSIWYG Primitive Resynthesis                                      ; Off                ; Off                ;
; Auto ROM Replacement                                                       ; On                 ; On                 ;
; Auto RAM Replacement                                                       ; On                 ; On                 ;
; Auto DSP Block Replacement                                                 ; On                 ; On                 ;
; Auto Shift Register Replacement                                            ; Auto               ; Auto               ;
; Allow Shift Register Merging across Hierarchies                            ; Auto               ; Auto               ;
; Auto Clock Enable Replacement                                              ; On                 ; On                 ;
; Strict RAM Replacement                                                     ; Off                ; Off                ;
; Allow Synchronous Control Signals                                          ; On                 ; On                 ;
; Force Use of Synchronous Clear Signals                                     ; Off                ; Off                ;
; Auto RAM Block Balancing                                                   ; On                 ; On                 ;
; Auto RAM to Logic Cell Conversion                                          ; Off                ; Off                ;
; Auto Resource Sharing                                                      ; Off                ; Off                ;
; Allow Any RAM Size For Recognition                                         ; Off                ; Off                ;
; Allow Any ROM Size For Recognition                                         ; Off                ; Off                ;
; Allow Any Shift Register Size For Recognition                              ; Off                ; Off                ;
; Use LogicLock Constraints during Resource Balancing                        ; On                 ; On                 ;
; Ignore translate_off and synthesis_off directives                          ; Off                ; Off                ;
; Timing-Driven Synthesis                                                    ; On                 ; On                 ;
; Report Parameter Settings                                                  ; On                 ; On                 ;
; Report Source Assignments                                                  ; On                 ; On                 ;
; Report Connectivity Checks                                                 ; On                 ; On                 ;
; Ignore Maximum Fan-Out Assignments                                         ; Off                ; Off                ;
; Synchronization Register Chain Length                                      ; 2                  ; 2                  ;
; PowerPlay Power Optimization During Synthesis                              ; Normal compilation ; Normal compilation ;
; HDL message level                                                          ; Level2             ; Level2             ;
; Suppress Register Optimization Related Messages                            ; Off                ; Off                ;
; Number of Removed Registers Reported in Synthesis Report                   ; 5000               ; 5000               ;
; Number of Swept Nodes Reported in Synthesis Report                         ; 5000               ; 5000               ;
; Number of Inverted Registers Reported in Synthesis Report                  ; 100                ; 100                ;
; Clock MUX Protection                                                       ; On                 ; On                 ;
; Auto Gated Clock Conversion                                                ; Off                ; Off                ;
; Block Design Naming                                                        ; Auto               ; Auto               ;
; SDC constraint protection                                                  ; Off                ; Off                ;
; Synthesis Effort                                                           ; Auto               ; Auto               ;
; Shift Register Replacement - Allow Asynchronous Clear Signal               ; On                 ; On                 ;
; Pre-Mapping Resynthesis Optimization                                       ; Off                ; Off                ;
; Analysis & Synthesis Message Level                                         ; Medium             ; Medium             ;
; Disable Register Merging Across Hierarchies                                ; Auto               ; Auto               ;
; Resource Aware Inference For Block RAM                                     ; On                 ; On                 ;
+----------------------------------------------------------------------------+--------------------+--------------------+


+------------------------------------------+
; Parallel Compilation                     ;
+----------------------------+-------------+
; Processors                 ; Number      ;
+----------------------------+-------------+
; Number detected on machine ; 16          ;
; Maximum allowed            ; 4           ;
;                            ;             ;
; Average used               ; 1.00        ;
; Maximum used               ; 4           ;
;                            ;             ;
; Usage by Processor         ; % Time Used ;
;     Processor 1            ; 100.0%      ;
;     Processors 2-4         ;   0.0%      ;
+----------------------------+-------------+


+---------------------------------------------------------------------------------------------------------------------------------------------------------------------------+
; Analysis & Synthesis Source Files Read                                                                                                                                    ;
+----------------------------------+-----------------+------------------------------+-----------------------------------------------------------------------------+---------+
; File Name with User-Entered Path ; Used in Netlist ; File Type                    ; File Name with Absolute Path                                                ; Library ;
+----------------------------------+-----------------+------------------------------+-----------------------------------------------------------------------------+---------+
; ../../src/Accel/ai_accel.v       ; yes             ; User Verilog HDL File        ; C:/Project Mendelson/AES-128-for-RISCV-CPU/src/Accel/ai_accel.v             ;         ;
; lpm_mult.tdf                     ; yes             ; Megafunction                 ; c:/intelfpga_lite/17.0/quartus/libraries/megafunctions/lpm_mult.tdf         ;         ;
; aglobal170.inc                   ; yes             ; Megafunction                 ; c:/intelfpga_lite/17.0/quartus/libraries/megafunctions/aglobal170.inc       ;         ;
; lpm_add_sub.inc                  ; yes             ; Megafunction                 ; c:/intelfpga_lite/17.0/quartus/libraries/megafunctions/lpm_add_sub.inc      ;         ;
; multcore.inc                     ; yes             ; Megafunction                 ; c:/intelfpga_lite/17.0/quartus/libraries/megafunctions/multcore.inc         ;         ;
; bypassff.inc                     ; yes             ; Megafunction                 ; c:/intelfpga_lite/17.0/quartus/libraries/megafunctions/bypassff.inc         ;         ;
; altshift.inc                     ; yes             ; Megafunction                 ; c:/intelfpga_lite/17.0/quartus/libraries/megafunctions/altshift.inc         ;         ;
; db/mult_0ls.tdf                  ; yes             ; Auto-Generated Megafunction  ; C:/Project Mendelson/AES-128-for-RISCV-CPU/Quartus/DE0_Demo/db/mult_0ls.tdf ;         ;
+----------------------------------+-----------------+------------------------------+-----------------------------------------------------------------------------+---------+


+---------------------------------------------------------+
; Analysis & Synthesis Resource Usage Summary             ;
+---------------------------------------------+-----------+
; Resource                                    ; Usage     ;
+---------------------------------------------+-----------+
; Estimated Total logic elements              ; 624       ;
;                                             ;           ;
; Total combinational functions               ; 368       ;
; Logic element usage by number of LUT inputs ;           ;
;     -- 4 input functions                    ; 254       ;
;     -- 3 input functions                    ; 92        ;
;     -- <=2 input functions                  ; 22        ;
;                                             ;           ;
; Logic elements by mode                      ;           ;
;     -- normal mode                          ; 353       ;
;     -- arithmetic mode                      ; 15        ;
;                                             ;           ;
; Total registers                             ; 306       ;
;     -- Dedicated logic registers            ; 306       ;
;     -- I/O registers                        ; 0         ;
;                                             ;           ;
; I/O pins                                    ; 116       ;
;                                             ;           ;
; Embedded Multiplier 9-bit elements          ; 1         ;
;                                             ;           ;
; Maximum fan-out node                        ; clk~input ;
; Maximum fan-out                             ; 306       ;
; Total fan-out                               ; 2722      ;
; Average fan-out                             ; 3.00      ;
+---------------------------------------------+-----------+


+----------------------------------------------------------------------------------------------------------------------------------------------------------------------------------------------------------------------------------------------------------------------------------------+
; Analysis & Synthesis Resource Utilization by Entity                                                                                                                                                                                                                                    ;
+------------------------------------+---------------------+---------------------------+-------------+------------+--------------+---------+-----------+------+--------------+------------+-----------------------------------------------------------------+-------------+--------------+
; Compilation Hierarchy Node         ; Combinational ALUTs ; Dedicated Logic Registers ; Memory Bits ; UFM Blocks ; DSP Elements ; DSP 9x9 ; DSP 18x18 ; Pins ; Virtual Pins ; ADC blocks ; Full Hierarchy Name                                             ; Entity Name ; Library Name ;
+------------------------------------+---------------------+---------------------------+-------------+------------+--------------+---------+-----------+------+--------------+------------+-----------------------------------------------------------------+-------------+--------------+
; |ai_accel                          ; 368 (368)           ; 306 (306)                 ; 0           ; 0          ; 1            ; 1       ; 0         ; 116  ; 0            ; 0          ; |ai_accel                                                       ; ai_accel    ; work         ;
;    |multiplier:mul|                ; 0 (0)               ; 0 (0)                     ; 0           ; 0          ; 1            ; 1       ; 0         ; 0    ; 0            ; 0          ; |ai_accel|multiplier:mul                                        ; multiplier  ; work         ;
;       |lpm_mult:Mult0|             ; 0 (0)               ; 0 (0)                     ; 0           ; 0          ; 1            ; 1       ; 0         ; 0    ; 0            ; 0          ; |ai_accel|multiplier:mul|lpm_mult:Mult0                         ; lpm_mult    ; work         ;
;          |mult_0ls:auto_generated| ; 0 (0)               ; 0 (0)                     ; 0           ; 0          ; 1            ; 1       ; 0         ; 0    ; 0            ; 0          ; |ai_accel|multiplier:mul|lpm_mult:Mult0|mult_0ls:auto_generated ; mult_0ls    ; work         ;
+------------------------------------+---------------------+---------------------------+-------------+------------+--------------+---------+-----------+------+--------------+------------+-----------------------------------------------------------------+-------------+--------------+
Note: For table entries with two numbers listed, the numbers in parentheses indicate the number of resources of the given type used by the specific entity alone. The numbers listed outside of parentheses indicate the total resources of the given type used by the specific entity and all of its sub-entities in the hierarchy.


+-----------------------------------------------------+
; Analysis & Synthesis DSP Block Usage Summary        ;
+---------------------------------------+-------------+
; Statistic                             ; Number Used ;
+---------------------------------------+-------------+
; Simple Multipliers (9-bit)            ; 1           ;
; Simple Multipliers (18-bit)           ; 0           ;
; Embedded Multiplier Blocks            ; --          ;
; Embedded Multiplier 9-bit elements    ; 1           ;
; Signed Embedded Multipliers           ; 0           ;
; Unsigned Embedded Multipliers         ; 1           ;
; Mixed Sign Embedded Multipliers       ; 0           ;
; Variable Sign Embedded Multipliers    ; 0           ;
; Dedicated Input Shift Register Chains ; 0           ;
+---------------------------------------+-------------+
Note: number of Embedded Multiplier Blocks used is only available after a successful fit.


+----------------------------------------------------------------------------------------------------+
; User-Specified and Inferred Latches                                                                ;
+-----------------------------------------------------+---------------------+------------------------+
; Latch Name                                          ; Latch Enable Signal ; Free of Timing Hazards ;
+-----------------------------------------------------+---------------------+------------------------+
; cyphertext_in[0][0]                                 ; Decoder0            ; yes                    ;
; cyphertext_in[0][1]                                 ; Decoder0            ; yes                    ;
; cyphertext_in[0][2]                                 ; Decoder0            ; yes                    ;
; cyphertext_in[0][3]                                 ; Decoder0            ; yes                    ;
; cyphertext_in[0][4]                                 ; Decoder0            ; yes                    ;
; cyphertext_in[0][5]                                 ; Decoder0            ; yes                    ;
; cyphertext_in[0][6]                                 ; Decoder0            ; yes                    ;
; cyphertext_in[0][7]                                 ; Decoder0            ; yes                    ;
; cyphertext_in[0][8]                                 ; Decoder0            ; yes                    ;
; cyphertext_in[0][9]                                 ; Decoder0            ; yes                    ;
; cyphertext_in[0][10]                                ; Decoder0            ; yes                    ;
; cyphertext_in[0][11]                                ; Decoder0            ; yes                    ;
; cyphertext_in[0][12]                                ; Decoder0            ; yes                    ;
; cyphertext_in[0][13]                                ; Decoder0            ; yes                    ;
; cyphertext_in[0][14]                                ; Decoder0            ; yes                    ;
; cyphertext_in[0][15]                                ; Decoder0            ; yes                    ;
; cyphertext_in[0][16]                                ; Decoder0            ; yes                    ;
; cyphertext_in[0][17]                                ; Decoder0            ; yes                    ;
; cyphertext_in[0][18]                                ; Decoder0            ; yes                    ;
; cyphertext_in[0][19]                                ; Decoder0            ; yes                    ;
; cyphertext_in[0][20]                                ; Decoder0            ; yes                    ;
; cyphertext_in[0][21]                                ; Decoder0            ; yes                    ;
; cyphertext_in[0][22]                                ; Decoder0            ; yes                    ;
; cyphertext_in[0][23]                                ; Decoder0            ; yes                    ;
; cyphertext_in[0][24]                                ; Decoder0            ; yes                    ;
; cyphertext_in[0][25]                                ; Decoder0            ; yes                    ;
; cyphertext_in[0][26]                                ; Decoder0            ; yes                    ;
; cyphertext_in[0][27]                                ; Decoder0            ; yes                    ;
; cyphertext_in[0][28]                                ; Decoder0            ; yes                    ;
; cyphertext_in[0][29]                                ; Decoder0            ; yes                    ;
; cyphertext_in[0][30]                                ; Decoder0            ; yes                    ;
; cyphertext_in[0][31]                                ; Decoder0            ; yes                    ;
; Number of user-specified and inferred latches = 32  ;                     ;                        ;
+-----------------------------------------------------+---------------------+------------------------+
Note: All latches listed above may not be present at the end of synthesis due to various synthesis optimizations.


+------------------------------------------------------+
; General Register Statistics                          ;
+----------------------------------------------+-------+
; Statistic                                    ; Value ;
+----------------------------------------------+-------+
; Total registers                              ; 306   ;
; Number of registers using Synchronous Clear  ; 16    ;
; Number of registers using Synchronous Load   ; 0     ;
; Number of registers using Asynchronous Clear ; 306   ;
; Number of registers using Asynchronous Load  ; 0     ;
; Number of registers using Clock Enable       ; 272   ;
; Number of registers using Preset             ; 0     ;
+----------------------------------------------+-------+


+------------------------------------------------------------------------------------------------------------------------------------------+
; Multiplexer Restructuring Statistics (Restructuring Performed)                                                                           ;
+--------------------+-----------+---------------+----------------------+------------------------+------------+----------------------------+
; Multiplexer Inputs ; Bus Width ; Baseline Area ; Area if Restructured ; Saving if Restructured ; Registered ; Example Multiplexer Output ;
+--------------------+-----------+---------------+----------------------+------------------------+------------+----------------------------+
; 3:1                ; 16 bits   ; 32 LEs        ; 16 LEs               ; 16 LEs                 ; Yes        ; |ai_accel|counter[15]      ;
; 4:1                ; 8 bits    ; 16 LEs        ; 16 LEs               ; 0 LEs                  ; No         ; |ai_accel|Selector0        ;
; 4:1                ; 8 bits    ; 16 LEs        ; 16 LEs               ; 0 LEs                  ; No         ; |ai_accel|Selector15       ;
; 32:1               ; 15 bits   ; 315 LEs       ; 120 LEs              ; 195 LEs                ; No         ; |ai_accel|Mux1             ;
; 32:1               ; 15 bits   ; 315 LEs       ; 120 LEs              ; 195 LEs                ; No         ; |ai_accel|Mux30            ;
+--------------------+-----------+---------------+----------------------+------------------------+------------+----------------------------+


+---------------------------------------------------------------------------------+
; Parameter Settings for Inferred Entity Instance: multiplier:mul|lpm_mult:Mult0  ;
+------------------------------------------------+----------+---------------------+
; Parameter Name                                 ; Value    ; Type                ;
+------------------------------------------------+----------+---------------------+
; AUTO_CARRY_CHAINS                              ; ON       ; AUTO_CARRY          ;
; IGNORE_CARRY_BUFFERS                           ; OFF      ; IGNORE_CARRY        ;
; AUTO_CASCADE_CHAINS                            ; ON       ; AUTO_CASCADE        ;
; IGNORE_CASCADE_BUFFERS                         ; OFF      ; IGNORE_CASCADE      ;
; LPM_WIDTHA                                     ; 8        ; Untyped             ;
; LPM_WIDTHB                                     ; 8        ; Untyped             ;
; LPM_WIDTHP                                     ; 16       ; Untyped             ;
; LPM_WIDTHR                                     ; 16       ; Untyped             ;
; LPM_WIDTHS                                     ; 1        ; Untyped             ;
; LPM_REPRESENTATION                             ; UNSIGNED ; Untyped             ;
; LPM_PIPELINE                                   ; 0        ; Untyped             ;
; LATENCY                                        ; 0        ; Untyped             ;
; INPUT_A_IS_CONSTANT                            ; NO       ; Untyped             ;
; INPUT_B_IS_CONSTANT                            ; NO       ; Untyped             ;
; USE_EAB                                        ; OFF      ; Untyped             ;
; MAXIMIZE_SPEED                                 ; 5        ; Untyped             ;
; DEVICE_FAMILY                                  ; MAX 10   ; Untyped             ;
; CARRY_CHAIN                                    ; MANUAL   ; Untyped             ;
; APEX20K_TECHNOLOGY_MAPPER                      ; LUT      ; TECH_MAPPER_APEX20K ;
; DEDICATED_MULTIPLIER_CIRCUITRY                 ; AUTO     ; Untyped             ;
; DEDICATED_MULTIPLIER_MIN_INPUT_WIDTH_FOR_AUTO  ; 0        ; Untyped             ;
; DEDICATED_MULTIPLIER_MIN_OUTPUT_WIDTH_FOR_AUTO ; 0        ; Untyped             ;
; CBXI_PARAMETER                                 ; mult_0ls ; Untyped             ;
; INPUT_A_FIXED_VALUE                            ; Bx       ; Untyped             ;
; INPUT_B_FIXED_VALUE                            ; Bx       ; Untyped             ;
; USE_AHDL_IMPLEMENTATION                        ; OFF      ; Untyped             ;
+------------------------------------------------+----------+---------------------+
Note: In order to hide this table in the UI and the text report file, please set the "Show Parameter Settings in Synthesis Report" option in "Analysis and Synthesis Settings -> More Settings" to "Off".


+-----------------------------------------------------------------------+
; lpm_mult Parameter Settings by Entity Instance                        ;
+---------------------------------------+-------------------------------+
; Name                                  ; Value                         ;
+---------------------------------------+-------------------------------+
; Number of entity instances            ; 1                             ;
; Entity Instance                       ; multiplier:mul|lpm_mult:Mult0 ;
;     -- LPM_WIDTHA                     ; 8                             ;
;     -- LPM_WIDTHB                     ; 8                             ;
;     -- LPM_WIDTHP                     ; 16                            ;
;     -- LPM_REPRESENTATION             ; UNSIGNED                      ;
;     -- INPUT_A_IS_CONSTANT            ; NO                            ;
;     -- INPUT_B_IS_CONSTANT            ; NO                            ;
;     -- USE_EAB                        ; OFF                           ;
;     -- DEDICATED_MULTIPLIER_CIRCUITRY ; AUTO                          ;
;     -- INPUT_A_FIXED_VALUE            ; Bx                            ;
;     -- INPUT_B_FIXED_VALUE            ; Bx                            ;
+---------------------------------------+-------------------------------+


+-----------------------------------------------------+
; Post-Synthesis Netlist Statistics for Top Partition ;
+-----------------------+-----------------------------+
; Type                  ; Count                       ;
+-----------------------+-----------------------------+
; boundary_port         ; 116                         ;
; cycloneiii_ff         ; 306                         ;
;     CLR               ; 34                          ;
;     ENA CLR           ; 256                         ;
;     ENA CLR SCLR      ; 16                          ;
; cycloneiii_lcell_comb ; 368                         ;
;     arith             ; 15                          ;
;         2 data inputs ; 15                          ;
;     normal            ; 353                         ;
;         1 data inputs ; 1                           ;
;         2 data inputs ; 6                           ;
;         3 data inputs ; 92                          ;
;         4 data inputs ; 254                         ;
; cycloneiii_mac_mult   ; 1                           ;
; cycloneiii_mac_out    ; 1                           ;
;                       ;                             ;
; Max LUT depth         ; 7.00                        ;
; Average LUT depth     ; 4.25                        ;
+-----------------------+-----------------------------+


+-------------------------------+
; Elapsed Time Per Partition    ;
+----------------+--------------+
; Partition Name ; Elapsed Time ;
+----------------+--------------+
; Top            ; 00:00:01     ;
+----------------+--------------+


+-------------------------------+
; Analysis & Synthesis Messages ;
+-------------------------------+
Info: *******************************************************************
Info: Running Quartus Prime Analysis & Synthesis
    Info: Version 17.0.0 Build 595 04/25/2017 SJ Lite Edition
    Info: Processing started: Mon Sep 12 01:41:52 2022
Info: Command: quartus_map --read_settings_files=on --write_settings_files=off DE0_top -c DE0_top
Info (20032): Parallel compilation is enabled and will use up to 4 processors
Info (12248): Elaborating Qsys system entity "de0cv.qsys"
Info (12250): 2022.09.12.01:42:06 Progress: Loading DE0_Demo/de0cv.qsys
Info (12250): 2022.09.12.01:42:07 Progress: Reading input file
Info (12250): 2022.09.12.01:42:07 Progress: Adding clk_0 [clock_source 17.0]
Info (12250): 2022.09.12.01:42:08 Progress: Parameterizing module clk_0
Info (12250): 2022.09.12.01:42:08 Progress: Building connections
Info (12250): 2022.09.12.01:42:08 Progress: Parameterizing connections
Info (12250): 2022.09.12.01:42:08 Progress: Validating
Info (12250): 2022.09.12.01:42:08 Progress: Done reading input file
Info (12250): De0cv: Generating de0cv "de0cv" for QUARTUS_SYNTH
Info (12250): De0cv: Done "de0cv" with 1 modules, 1 files
Info (12249): Finished elaborating Qsys system entity "de0cv.qsys"
Info (12021): Found 1 design units, including 1 entities, in source file /project mendelson/aes-128-for-riscv-cpu/src/leds/leds_mgmt.v
    Info (12023): Found entity 1: leds_mgmt File: C:/Project Mendelson/AES-128-for-RISCV-CPU/src/Leds/leds_mgmt.v Line: 5
Info (12021): Found 2 design units, including 2 entities, in source file /project mendelson/aes-128-for-riscv-cpu/src/accel/ai_accel.v
    Info (12023): Found entity 1: multiplier File: C:/Project Mendelson/AES-128-for-RISCV-CPU/src/Accel/ai_accel.v Line: 4
    Info (12023): Found entity 2: ai_accel File: C:/Project Mendelson/AES-128-for-RISCV-CPU/src/Accel/ai_accel.v Line: 19
Info (12021): Found 13 design units, including 13 entities, in source file /project mendelson/aes-128-for-riscv-cpu/src/top.v
    Info (12023): Found entity 1: progMem File: C:/Project Mendelson/AES-128-for-RISCV-CPU/src/mem/mem_prog.v Line: 9
    Info (12023): Found entity 2: dataMem File: C:/Project Mendelson/AES-128-for-RISCV-CPU/src/mem/mem_data.v Line: 11
    Info (12023): Found entity 3: controlUnit File: C:/Project Mendelson/AES-128-for-RISCV-CPU/src/core/core_control_unit.v Line: 9
    Info (12023): Found entity 4: programCounter File: C:/Project Mendelson/AES-128-for-RISCV-CPU/src/core/core_program_counter.v Line: 9
    Info (12023): Found entity 5: regFile File: C:/Project Mendelson/AES-128-for-RISCV-CPU/src/core/core_regfile.v Line: 9
    Info (12023): Found entity 6: alu File: C:/Project Mendelson/AES-128-for-RISCV-CPU/src/core/core_execution_unit/core_execution_unit_alu.v Line: 7
    Info (12023): Found entity 7: lis File: C:/Project Mendelson/AES-128-for-RISCV-CPU/src/core/core_execution_unit/core_execution_unit_lis.v Line: 10
    Info (12023): Found entity 8: br File: C:/Project Mendelson/AES-128-for-RISCV-CPU/src/core/core_execution_unit/core_execution_unit_br.v Line: 10
    Info (12023): Found entity 9: executionUnit File: C:/Project Mendelson/AES-128-for-RISCV-CPU/src/core/core_execution_unit/core_execution_unit.v Line: 12
    Info (12023): Found entity 10: timer File: C:/Project Mendelson/AES-128-for-RISCV-CPU/src/core/core_csr_unit/core_csr_unit_timer.v Line: 6
    Info (12023): Found entity 11: crs_unit File: C:/Project Mendelson/AES-128-for-RISCV-CPU/src/core/core_csr_unit/core_csr_unit.v Line: 8
    Info (12023): Found entity 12: core File: C:/Project Mendelson/AES-128-for-RISCV-CPU/src/core/core.v Line: 19
    Info (12023): Found entity 13: top File: C:/Project Mendelson/AES-128-for-RISCV-CPU/src/top.v Line: 13
Info (12021): Found 1 design units, including 1 entities, in source file de0_top.v
    Info (12023): Found entity 1: DE0_top File: C:/Project Mendelson/AES-128-for-RISCV-CPU/Quartus/DE0_Demo/DE0_top.v Line: 45
Info (12021): Found 1 design units, including 1 entities, in source file ram.v
    Info (12023): Found entity 1: ram File: C:/Project Mendelson/AES-128-for-RISCV-CPU/Quartus/DE0_Demo/ram.v Line: 39
Info (12021): Found 1 design units, including 1 entities, in source file data.v
    Info (12023): Found entity 1: data File: C:/Project Mendelson/AES-128-for-RISCV-CPU/Quartus/DE0_Demo/data.v Line: 39
Info (12021): Found 1 design units, including 1 entities, in source file prog.v
    Info (12023): Found entity 1: prog File: C:/Project Mendelson/AES-128-for-RISCV-CPU/Quartus/DE0_Demo/prog.v Line: 39
Info (12021): Found 1 design units, including 1 entities, in source file pll.v
    Info (12023): Found entity 1: PLL File: C:/Project Mendelson/AES-128-for-RISCV-CPU/Quartus/DE0_Demo/PLL.v Line: 39
Info (12021): Found 1 design units, including 1 entities, in source file db/ip/de0cv/de0cv.v
    Info (12023): Found entity 1: de0cv File: C:/Project Mendelson/AES-128-for-RISCV-CPU/Quartus/DE0_Demo/db/ip/de0cv/de0cv.v Line: 6
Info (12127): Elaborating entity "ai_accel" for the top level hierarchy
Warning (10272): Verilog HDL Case Statement warning at ai_accel.v(137): case item expression covers a value already covered by a previous case item File: C:/Project Mendelson/AES-128-for-RISCV-CPU/src/Accel/ai_accel.v Line: 137
Warning (10272): Verilog HDL Case Statement warning at ai_accel.v(138): case item expression covers a value already covered by a previous case item File: C:/Project Mendelson/AES-128-for-RISCV-CPU/src/Accel/ai_accel.v Line: 138
Warning (10230): Verilog HDL assignment warning at ai_accel.v(153): truncated value with size 33 to match size of target (32) File: C:/Project Mendelson/AES-128-for-RISCV-CPU/src/Accel/ai_accel.v Line: 153
Warning (10272): Verilog HDL Case Statement warning at ai_accel.v(151): case item expression covers a value already covered by a previous case item File: C:/Project Mendelson/AES-128-for-RISCV-CPU/src/Accel/ai_accel.v Line: 151
Warning (10272): Verilog HDL Case Statement warning at ai_accel.v(152): case item expression covers a value already covered by a previous case item File: C:/Project Mendelson/AES-128-for-RISCV-CPU/src/Accel/ai_accel.v Line: 152
Warning (10272): Verilog HDL Case Statement warning at ai_accel.v(153): case item expression covers a value already covered by a previous case item File: C:/Project Mendelson/AES-128-for-RISCV-CPU/src/Accel/ai_accel.v Line: 153
Warning (10030): Net "cyphertext[3..1]" at ai_accel.v(53) has no driver or initial value, using a default initial value '0' File: C:/Project Mendelson/AES-128-for-RISCV-CPU/src/Accel/ai_accel.v Line: 53
Info (10041): Inferred latch for "cyphertext_in[0][0]" at ai_accel.v(149) File: C:/Project Mendelson/AES-128-for-RISCV-CPU/src/Accel/ai_accel.v Line: 149
Info (10041): Inferred latch for "cyphertext_in[0][1]" at ai_accel.v(149) File: C:/Project Mendelson/AES-128-for-RISCV-CPU/src/Accel/ai_accel.v Line: 149
Info (10041): Inferred latch for "cyphertext_in[0][2]" at ai_accel.v(149) File: C:/Project Mendelson/AES-128-for-RISCV-CPU/src/Accel/ai_accel.v Line: 149
Info (10041): Inferred latch for "cyphertext_in[0][3]" at ai_accel.v(149) File: C:/Project Mendelson/AES-128-for-RISCV-CPU/src/Accel/ai_accel.v Line: 149
Info (10041): Inferred latch for "cyphertext_in[0][4]" at ai_accel.v(149) File: C:/Project Mendelson/AES-128-for-RISCV-CPU/src/Accel/ai_accel.v Line: 149
Info (10041): Inferred latch for "cyphertext_in[0][5]" at ai_accel.v(149) File: C:/Project Mendelson/AES-128-for-RISCV-CPU/src/Accel/ai_accel.v Line: 149
Info (10041): Inferred latch for "cyphertext_in[0][6]" at ai_accel.v(149) File: C:/Project Mendelson/AES-128-for-RISCV-CPU/src/Accel/ai_accel.v Line: 149
Info (10041): Inferred latch for "cyphertext_in[0][7]" at ai_accel.v(149) File: C:/Project Mendelson/AES-128-for-RISCV-CPU/src/Accel/ai_accel.v Line: 149
Info (10041): Inferred latch for "cyphertext_in[0][8]" at ai_accel.v(149) File: C:/Project Mendelson/AES-128-for-RISCV-CPU/src/Accel/ai_accel.v Line: 149
Info (10041): Inferred latch for "cyphertext_in[0][9]" at ai_accel.v(149) File: C:/Project Mendelson/AES-128-for-RISCV-CPU/src/Accel/ai_accel.v Line: 149
Info (10041): Inferred latch for "cyphertext_in[0][10]" at ai_accel.v(149) File: C:/Project Mendelson/AES-128-for-RISCV-CPU/src/Accel/ai_accel.v Line: 149
Info (10041): Inferred latch for "cyphertext_in[0][11]" at ai_accel.v(149) File: C:/Project Mendelson/AES-128-for-RISCV-CPU/src/Accel/ai_accel.v Line: 149
Info (10041): Inferred latch for "cyphertext_in[0][12]" at ai_accel.v(149) File: C:/Project Mendelson/AES-128-for-RISCV-CPU/src/Accel/ai_accel.v Line: 149
Info (10041): Inferred latch for "cyphertext_in[0][13]" at ai_accel.v(149) File: C:/Project Mendelson/AES-128-for-RISCV-CPU/src/Accel/ai_accel.v Line: 149
Info (10041): Inferred latch for "cyphertext_in[0][14]" at ai_accel.v(149) File: C:/Project Mendelson/AES-128-for-RISCV-CPU/src/Accel/ai_accel.v Line: 149
Info (10041): Inferred latch for "cyphertext_in[0][15]" at ai_accel.v(149) File: C:/Project Mendelson/AES-128-for-RISCV-CPU/src/Accel/ai_accel.v Line: 149
Info (10041): Inferred latch for "cyphertext_in[0][16]" at ai_accel.v(149) File: C:/Project Mendelson/AES-128-for-RISCV-CPU/src/Accel/ai_accel.v Line: 149
Info (10041): Inferred latch for "cyphertext_in[0][17]" at ai_accel.v(149) File: C:/Project Mendelson/AES-128-for-RISCV-CPU/src/Accel/ai_accel.v Line: 149
Info (10041): Inferred latch for "cyphertext_in[0][18]" at ai_accel.v(149) File: C:/Project Mendelson/AES-128-for-RISCV-CPU/src/Accel/ai_accel.v Line: 149
Info (10041): Inferred latch for "cyphertext_in[0][19]" at ai_accel.v(149) File: C:/Project Mendelson/AES-128-for-RISCV-CPU/src/Accel/ai_accel.v Line: 149
Info (10041): Inferred latch for "cyphertext_in[0][20]" at ai_accel.v(149) File: C:/Project Mendelson/AES-128-for-RISCV-CPU/src/Accel/ai_accel.v Line: 149
Info (10041): Inferred latch for "cyphertext_in[0][21]" at ai_accel.v(149) File: C:/Project Mendelson/AES-128-for-RISCV-CPU/src/Accel/ai_accel.v Line: 149
Info (10041): Inferred latch for "cyphertext_in[0][22]" at ai_accel.v(149) File: C:/Project Mendelson/AES-128-for-RISCV-CPU/src/Accel/ai_accel.v Line: 149
Info (10041): Inferred latch for "cyphertext_in[0][23]" at ai_accel.v(149) File: C:/Project Mendelson/AES-128-for-RISCV-CPU/src/Accel/ai_accel.v Line: 149
Info (10041): Inferred latch for "cyphertext_in[0][24]" at ai_accel.v(149) File: C:/Project Mendelson/AES-128-for-RISCV-CPU/src/Accel/ai_accel.v Line: 149
Info (10041): Inferred latch for "cyphertext_in[0][25]" at ai_accel.v(149) File: C:/Project Mendelson/AES-128-for-RISCV-CPU/src/Accel/ai_accel.v Line: 149
Info (10041): Inferred latch for "cyphertext_in[0][26]" at ai_accel.v(149) File: C:/Project Mendelson/AES-128-for-RISCV-CPU/src/Accel/ai_accel.v Line: 149
Info (10041): Inferred latch for "cyphertext_in[0][27]" at ai_accel.v(149) File: C:/Project Mendelson/AES-128-for-RISCV-CPU/src/Accel/ai_accel.v Line: 149
Info (10041): Inferred latch for "cyphertext_in[0][28]" at ai_accel.v(149) File: C:/Project Mendelson/AES-128-for-RISCV-CPU/src/Accel/ai_accel.v Line: 149
Info (10041): Inferred latch for "cyphertext_in[0][29]" at ai_accel.v(149) File: C:/Project Mendelson/AES-128-for-RISCV-CPU/src/Accel/ai_accel.v Line: 149
Info (10041): Inferred latch for "cyphertext_in[0][30]" at ai_accel.v(149) File: C:/Project Mendelson/AES-128-for-RISCV-CPU/src/Accel/ai_accel.v Line: 149
Info (10041): Inferred latch for "cyphertext_in[0][31]" at ai_accel.v(149) File: C:/Project Mendelson/AES-128-for-RISCV-CPU/src/Accel/ai_accel.v Line: 149
Info (12128): Elaborating entity "multiplier" for hierarchy "multiplier:mul" File: C:/Project Mendelson/AES-128-for-RISCV-CPU/src/Accel/ai_accel.v Line: 144
Info (278001): Inferred 1 megafunctions from design logic
    Info (278003): Inferred multiplier megafunction ("lpm_mult") from the following logic: "multiplier:mul|Mult0" File: C:/Project Mendelson/AES-128-for-RISCV-CPU/src/Accel/ai_accel.v Line: 13
Info (12130): Elaborated megafunction instantiation "multiplier:mul|lpm_mult:Mult0" File: C:/Project Mendelson/AES-128-for-RISCV-CPU/src/Accel/ai_accel.v Line: 13
Info (12133): Instantiated megafunction "multiplier:mul|lpm_mult:Mult0" with the following parameter: File: C:/Project Mendelson/AES-128-for-RISCV-CPU/src/Accel/ai_accel.v Line: 13
    Info (12134): Parameter "LPM_WIDTHA" = "8"
    Info (12134): Parameter "LPM_WIDTHB" = "8"
    Info (12134): Parameter "LPM_WIDTHP" = "16"
    Info (12134): Parameter "LPM_WIDTHR" = "16"
    Info (12134): Parameter "LPM_WIDTHS" = "1"
    Info (12134): Parameter "LPM_REPRESENTATION" = "UNSIGNED"
    Info (12134): Parameter "INPUT_A_IS_CONSTANT" = "NO"
    Info (12134): Parameter "INPUT_B_IS_CONSTANT" = "NO"
    Info (12134): Parameter "MAXIMIZE_SPEED" = "5"
Info (12021): Found 1 design units, including 1 entities, in source file db/mult_0ls.tdf
    Info (12023): Found entity 1: mult_0ls File: C:/Project Mendelson/AES-128-for-RISCV-CPU/Quartus/DE0_Demo/db/mult_0ls.tdf Line: 29
Info (286030): Timing-Driven Synthesis is running
Warning (20013): Ignored 19 assignments for entity "de0cv" -- entity does not exist in design
Info (16010): Generating hard_block partition "hard_block:auto_generated_inst"
    Info (16011): Adding 0 node(s), including 0 DDIO, 0 PLL, 0 transceiver and 0 LCELL
Warning (21074): Design contains 27 input pin(s) that do not drive logic
    Warning (15610): No output dependent on input pin "addr[0]" File: C:/Project Mendelson/AES-128-for-RISCV-CPU/src/Accel/ai_accel.v Line: 33
    Warning (15610): No output dependent on input pin "addr[1]" File: C:/Project Mendelson/AES-128-for-RISCV-CPU/src/Accel/ai_accel.v Line: 33
    Warning (15610): No output dependent on input pin "addr[7]" File: C:/Project Mendelson/AES-128-for-RISCV-CPU/src/Accel/ai_accel.v Line: 33
    Warning (15610): No output dependent on input pin "addr[8]" File: C:/Project Mendelson/AES-128-for-RISCV-CPU/src/Accel/ai_accel.v Line: 33
    Warning (15610): No output dependent on input pin "addr[9]" File: C:/Project Mendelson/AES-128-for-RISCV-CPU/src/Accel/ai_accel.v Line: 33
    Warning (15610): No output dependent on input pin "addr[10]" File: C:/Project Mendelson/AES-128-for-RISCV-CPU/src/Accel/ai_accel.v Line: 33
    Warning (15610): No output dependent on input pin "addr[11]" File: C:/Project Mendelson/AES-128-for-RISCV-CPU/src/Accel/ai_accel.v Line: 33
    Warning (15610): No output dependent on input pin "addr[12]" File: C:/Project Mendelson/AES-128-for-RISCV-CPU/src/Accel/ai_accel.v Line: 33
    Warning (15610): No output dependent on input pin "addr[13]" File: C:/Project Mendelson/AES-128-for-RISCV-CPU/src/Accel/ai_accel.v Line: 33
    Warning (15610): No output dependent on input pin "addr[14]" File: C:/Project Mendelson/AES-128-for-RISCV-CPU/src/Accel/ai_accel.v Line: 33
    Warning (15610): No output dependent on input pin "addr[15]" File: C:/Project Mendelson/AES-128-for-RISCV-CPU/src/Accel/ai_accel.v Line: 33
    Warning (15610): No output dependent on input pin "addr[16]" File: C:/Project Mendelson/AES-128-for-RISCV-CPU/src/Accel/ai_accel.v Line: 33
    Warning (15610): No output dependent on input pin "addr[17]" File: C:/Project Mendelson/AES-128-for-RISCV-CPU/src/Accel/ai_accel.v Line: 33
    Warning (15610): No output dependent on input pin "addr[18]" File: C:/Project Mendelson/AES-128-for-RISCV-CPU/src/Accel/ai_accel.v Line: 33
    Warning (15610): No output dependent on input pin "addr[19]" File: C:/Project Mendelson/AES-128-for-RISCV-CPU/src/Accel/ai_accel.v Line: 33
    Warning (15610): No output dependent on input pin "addr[20]" File: C:/Project Mendelson/AES-128-for-RISCV-CPU/src/Accel/ai_accel.v Line: 33
    Warning (15610): No output dependent on input pin "addr[21]" File: C:/Project Mendelson/AES-128-for-RISCV-CPU/src/Accel/ai_accel.v Line: 33
    Warning (15610): No output dependent on input pin "addr[22]" File: C:/Project Mendelson/AES-128-for-RISCV-CPU/src/Accel/ai_accel.v Line: 33
    Warning (15610): No output dependent on input pin "addr[23]" File: C:/Project Mendelson/AES-128-for-RISCV-CPU/src/Accel/ai_accel.v Line: 33
    Warning (15610): No output dependent on input pin "addr[24]" File: C:/Project Mendelson/AES-128-for-RISCV-CPU/src/Accel/ai_accel.v Line: 33
    Warning (15610): No output dependent on input pin "addr[25]" File: C:/Project Mendelson/AES-128-for-RISCV-CPU/src/Accel/ai_accel.v Line: 33
    Warning (15610): No output dependent on input pin "addr[26]" File: C:/Project Mendelson/AES-128-for-RISCV-CPU/src/Accel/ai_accel.v Line: 33
    Warning (15610): No output dependent on input pin "addr[27]" File: C:/Project Mendelson/AES-128-for-RISCV-CPU/src/Accel/ai_accel.v Line: 33
    Warning (15610): No output dependent on input pin "addr[28]" File: C:/Project Mendelson/AES-128-for-RISCV-CPU/src/Accel/ai_accel.v Line: 33
    Warning (15610): No output dependent on input pin "addr[29]" File: C:/Project Mendelson/AES-128-for-RISCV-CPU/src/Accel/ai_accel.v Line: 33
    Warning (15610): No output dependent on input pin "addr[30]" File: C:/Project Mendelson/AES-128-for-RISCV-CPU/src/Accel/ai_accel.v Line: 33
    Warning (15610): No output dependent on input pin "addr[31]" File: C:/Project Mendelson/AES-128-for-RISCV-CPU/src/Accel/ai_accel.v Line: 33
Info (21057): Implemented 775 device resources after synthesis - the final resource count might be different
    Info (21058): Implemented 68 input pins
    Info (21059): Implemented 48 output pins
    Info (21061): Implemented 658 logic cells
    Info (21062): Implemented 1 DSP elements
Info: Quartus Prime Analysis & Synthesis was successful. 0 errors, 36 warnings
    Info: Peak virtual memory: 4782 megabytes
    Info: Processing ended: Mon Sep 12 01:42:14 2022
    Info: Elapsed time: 00:00:22
    Info: Total CPU time (on all processors): 00:00:19


