MIF/HEX Update report for DE0_top
Sun Oct 16 13:39:41 2022
Quartus Prime Version 21.1.1 Build 850 06/23/2022 SJ Lite Edition


---------------------
; Table of Contents ;
---------------------
  1. Legal Notice
  2. MIF/HEX Update Summary
  3. MIF/HEX Update Processed Files
  4. MIF/HEX Update Messages



----------------
; Legal Notice ;
----------------
Copyright (C) 2022  Intel Corporation. All rights reserved.
Your use of Intel Corporation's design tools, logic functions 
and other software and tools, and any partner logic 
functions, and any output files from any of the foregoing 
(including device programming or simulation files), and any 
associated documentation or information are expressly subject 
to the terms and conditions of the Intel Program License 
Subscription Agreement, the Intel Quartus Prime License Agreement,
the Intel FPGA IP License Agreement, or other applicable license
agreement, including, without limitation, that your use is for
the sole purpose of programming logic devices manufactured by
Intel and sold by Intel or its authorized distributors.  Please
refer to the applicable agreement for further details, at
https://fpgasoftware.intel.com/eula.



+---------------------------------------------------------------+
; MIF/HEX Update Summary                                        ;
+-----------------------+---------------------------------------+
; MIF/HEX Update Status ; Successful - Sun Oct 16 13:39:41 2022 ;
; Revision Name         ; DE0_top                               ;
; Top-level Entity Name ; DE0_top                               ;
; Family                ; MAX 10                                ;
; Device                ; 10M50DAF484C7G                        ;
+-----------------------+---------------------------------------+


+----------------------------------------------------------------------+
; MIF/HEX Update Processed Files                                       ;
+----------------------------------------------------------------------+
; File Name                                                            ;
+----------------------------------------------------------------------+
; C:/Project Mendelson/AES-128-for-RISCV-CPU/Quartus/DE0_Demo/test.mif ;
+----------------------------------------------------------------------+


+-------------------------+
; MIF/HEX Update Messages ;
+-------------------------+
Warning (125092): Tcl Script File mem_test.qip not found
    Info (125063): set_global_assignment -name QIP_FILE mem_test.qip
Info: *******************************************************************
Info: Running Quartus Prime MIF/HEX Update
    Info: Version 21.1.1 Build 850 06/23/2022 SJ Lite Edition
    Info: Processing started: Sun Oct 16 13:39:40 2022
Info: Command: quartus_cdb DE0_top -c DE0_top --update_mif
Critical Warning (127005): Memory depth (2048) in the design file differs from memory depth (1811) in the Memory Initialization File "C:/Project Mendelson/AES-128-for-RISCV-CPU/Quartus/DE0_Demo/test.mif" -- setting initial value for remaining addresses to 0
Info (39024): Processed the following Memory Initialization File(s)
    Info (39025): Processed Memory Initialization File C:/Project Mendelson/AES-128-for-RISCV-CPU/Quartus/DE0_Demo/test.mif File: C:/Project Mendelson/AES-128-for-RISCV-CPU/Quartus/DE0_Demo/test.mif Line: 0
Info: Quartus Prime MIF/HEX Update was successful. 0 errors, 2 warnings
    Info: Peak virtual memory: 4776 megabytes
    Info: Processing ended: Sun Oct 16 13:39:41 2022
    Info: Elapsed time: 00:00:01
    Info: Total CPU time (on all processors): 00:00:01


