------------------------------------------------------------
Timing Analyzer Summary
------------------------------------------------------------

Type  : Slow 1200mV 85C Model Setup 'out_BUTTON_1'
Slack : 0.298
TNS   : 0.000

Type  : Slow 1200mV 85C Model Setup 'PLL_instance|altpll_component|auto_generated|pll1|clk[0]'
Slack : 13.934
TNS   : 0.000

Type  : Slow 1200mV 85C Model Setup 'MemPLL|altpll_component|auto_generated|pll1|clk[0]'
Slack : 25.366
TNS   : 0.000

Type  : Slow 1200mV 85C Model Hold 'PLL_instance|altpll_component|auto_generated|pll1|clk[0]'
Slack : 0.340
TNS   : 0.000

Type  : Slow 1200mV 85C Model Hold 'out_BUTTON_1'
Slack : 0.393
TNS   : 0.000

Type  : Slow 1200mV 85C Model Hold 'MemPLL|altpll_component|auto_generated|pll1|clk[0]'
Slack : 5.854
TNS   : 0.000

Type  : Slow 1200mV 85C Model Recovery 'PLL_instance|altpll_component|auto_generated|pll1|clk[0]'
Slack : 995.221
TNS   : 0.000

Type  : Slow 1200mV 85C Model Removal 'PLL_instance|altpll_component|auto_generated|pll1|clk[0]'
Slack : 0.953
TNS   : 0.000

Type  : Slow 1200mV 85C Model Minimum Pulse Width 'out_BUTTON_1'
Slack : -1.403
TNS   : -1.403

Type  : Slow 1200mV 85C Model Minimum Pulse Width 'MAX10_CLK1_50'
Slack : 9.820
TNS   : 0.000

Type  : Slow 1200mV 85C Model Minimum Pulse Width 'MemPLL|altpll_component|auto_generated|pll1|clk[0]'
Slack : 49.681
TNS   : 0.000

Type  : Slow 1200mV 85C Model Minimum Pulse Width 'PLL_instance|altpll_component|auto_generated|pll1|clk[0]'
Slack : 499.679
TNS   : 0.000

Type  : Slow 1200mV 0C Model Setup 'out_BUTTON_1'
Slack : 0.361
TNS   : 0.000

Type  : Slow 1200mV 0C Model Setup 'PLL_instance|altpll_component|auto_generated|pll1|clk[0]'
Slack : 16.349
TNS   : 0.000

Type  : Slow 1200mV 0C Model Setup 'MemPLL|altpll_component|auto_generated|pll1|clk[0]'
Slack : 27.275
TNS   : 0.000

Type  : Slow 1200mV 0C Model Hold 'PLL_instance|altpll_component|auto_generated|pll1|clk[0]'
Slack : 0.305
TNS   : 0.000

Type  : Slow 1200mV 0C Model Hold 'out_BUTTON_1'
Slack : 0.354
TNS   : 0.000

Type  : Slow 1200mV 0C Model Hold 'MemPLL|altpll_component|auto_generated|pll1|clk[0]'
Slack : 5.245
TNS   : 0.000

Type  : Slow 1200mV 0C Model Recovery 'PLL_instance|altpll_component|auto_generated|pll1|clk[0]'
Slack : 995.574
TNS   : 0.000

Type  : Slow 1200mV 0C Model Removal 'PLL_instance|altpll_component|auto_generated|pll1|clk[0]'
Slack : 0.772
TNS   : 0.000

Type  : Slow 1200mV 0C Model Minimum Pulse Width 'out_BUTTON_1'
Slack : -1.403
TNS   : -1.403

Type  : Slow 1200mV 0C Model Minimum Pulse Width 'MAX10_CLK1_50'
Slack : 9.830
TNS   : 0.000

Type  : Slow 1200mV 0C Model Minimum Pulse Width 'MemPLL|altpll_component|auto_generated|pll1|clk[0]'
Slack : 49.694
TNS   : 0.000

Type  : Slow 1200mV 0C Model Minimum Pulse Width 'PLL_instance|altpll_component|auto_generated|pll1|clk[0]'
Slack : 499.638
TNS   : 0.000

Type  : Fast 1200mV 0C Model Setup 'out_BUTTON_1'
Slack : 0.693
TNS   : 0.000

Type  : Fast 1200mV 0C Model Setup 'PLL_instance|altpll_component|auto_generated|pll1|clk[0]'
Slack : 33.729
TNS   : 0.000

Type  : Fast 1200mV 0C Model Setup 'MemPLL|altpll_component|auto_generated|pll1|clk[0]'
Slack : 38.890
TNS   : 0.000

Type  : Fast 1200mV 0C Model Hold 'PLL_instance|altpll_component|auto_generated|pll1|clk[0]'
Slack : 0.148
TNS   : 0.000

Type  : Fast 1200mV 0C Model Hold 'out_BUTTON_1'
Slack : 0.169
TNS   : 0.000

Type  : Fast 1200mV 0C Model Hold 'MemPLL|altpll_component|auto_generated|pll1|clk[0]'
Slack : 2.466
TNS   : 0.000

Type  : Fast 1200mV 0C Model Recovery 'PLL_instance|altpll_component|auto_generated|pll1|clk[0]'
Slack : 997.634
TNS   : 0.000

Type  : Fast 1200mV 0C Model Removal 'PLL_instance|altpll_component|auto_generated|pll1|clk[0]'
Slack : 0.480
TNS   : 0.000

Type  : Fast 1200mV 0C Model Minimum Pulse Width 'out_BUTTON_1'
Slack : -1.000
TNS   : -1.000

Type  : Fast 1200mV 0C Model Minimum Pulse Width 'MAX10_CLK1_50'
Slack : 9.530
TNS   : 0.000

Type  : Fast 1200mV 0C Model Minimum Pulse Width 'MemPLL|altpll_component|auto_generated|pll1|clk[0]'
Slack : 49.720
TNS   : 0.000

Type  : Fast 1200mV 0C Model Minimum Pulse Width 'PLL_instance|altpll_component|auto_generated|pll1|clk[0]'
Slack : 499.735
TNS   : 0.000

------------------------------------------------------------
