------------------------------------------------------------
TimeQuest Timing Analyzer Summary
------------------------------------------------------------

Type  : Slow 1200mV 85C Model Setup 'out_BUTTON_1'
Slack : 0.298
TNS   : 0.000

Type  : Slow 1200mV 85C Model Setup 'PLL_instance|altpll_component|auto_generated|pll1|clk[0]'
Slack : 931.427
TNS   : 0.000

Type  : Slow 1200mV 85C Model Hold 'PLL_instance|altpll_component|auto_generated|pll1|clk[0]'
Slack : 0.339
TNS   : 0.000

Type  : Slow 1200mV 85C Model Hold 'out_BUTTON_1'
Slack : 0.393
TNS   : 0.000

Type  : Slow 1200mV 85C Model Recovery 'PLL_instance|altpll_component|auto_generated|pll1|clk[0]'
Slack : 995.316
TNS   : 0.000

Type  : Slow 1200mV 85C Model Removal 'PLL_instance|altpll_component|auto_generated|pll1|clk[0]'
Slack : 0.644
TNS   : 0.000

Type  : Slow 1200mV 85C Model Minimum Pulse Width 'out_BUTTON_1'
Slack : -1.403
TNS   : -1.403

Type  : Slow 1200mV 85C Model Minimum Pulse Width 'MAX10_CLK1_50'
Slack : 9.801
TNS   : 0.000

Type  : Slow 1200mV 85C Model Minimum Pulse Width 'PLL_instance|altpll_component|auto_generated|pll1|clk[0]'
Slack : 499.696
TNS   : 0.000

Type  : Slow 1200mV 0C Model Setup 'out_BUTTON_1'
Slack : 0.361
TNS   : 0.000

Type  : Slow 1200mV 0C Model Setup 'PLL_instance|altpll_component|auto_generated|pll1|clk[0]'
Slack : 936.334
TNS   : 0.000

Type  : Slow 1200mV 0C Model Hold 'PLL_instance|altpll_component|auto_generated|pll1|clk[0]'
Slack : 0.304
TNS   : 0.000

Type  : Slow 1200mV 0C Model Hold 'out_BUTTON_1'
Slack : 0.354
TNS   : 0.000

Type  : Slow 1200mV 0C Model Recovery 'PLL_instance|altpll_component|auto_generated|pll1|clk[0]'
Slack : 995.749
TNS   : 0.000

Type  : Slow 1200mV 0C Model Removal 'PLL_instance|altpll_component|auto_generated|pll1|clk[0]'
Slack : 0.554
TNS   : 0.000

Type  : Slow 1200mV 0C Model Minimum Pulse Width 'out_BUTTON_1'
Slack : -1.403
TNS   : -1.403

Type  : Slow 1200mV 0C Model Minimum Pulse Width 'MAX10_CLK1_50'
Slack : 9.736
TNS   : 0.000

Type  : Slow 1200mV 0C Model Minimum Pulse Width 'PLL_instance|altpll_component|auto_generated|pll1|clk[0]'
Slack : 499.656
TNS   : 0.000

Type  : Fast 1200mV 0C Model Setup 'out_BUTTON_1'
Slack : 0.693
TNS   : 0.000

Type  : Fast 1200mV 0C Model Setup 'PLL_instance|altpll_component|auto_generated|pll1|clk[0]'
Slack : 967.799
TNS   : 0.000

Type  : Fast 1200mV 0C Model Hold 'PLL_instance|altpll_component|auto_generated|pll1|clk[0]'
Slack : 0.147
TNS   : 0.000

Type  : Fast 1200mV 0C Model Hold 'out_BUTTON_1'
Slack : 0.169
TNS   : 0.000

Type  : Fast 1200mV 0C Model Recovery 'PLL_instance|altpll_component|auto_generated|pll1|clk[0]'
Slack : 997.614
TNS   : 0.000

Type  : Fast 1200mV 0C Model Removal 'PLL_instance|altpll_component|auto_generated|pll1|clk[0]'
Slack : 0.371
TNS   : 0.000

Type  : Fast 1200mV 0C Model Minimum Pulse Width 'out_BUTTON_1'
Slack : -1.000
TNS   : -1.000

Type  : Fast 1200mV 0C Model Minimum Pulse Width 'MAX10_CLK1_50'
Slack : 9.523
TNS   : 0.000

Type  : Fast 1200mV 0C Model Minimum Pulse Width 'PLL_instance|altpll_component|auto_generated|pll1|clk[0]'
Slack : 499.732
TNS   : 0.000

------------------------------------------------------------
