Partition Merge report for DE0_top
Thu Sep 15 01:29:09 2022
Quartus Prime Version 17.0.0 Build 595 04/25/2017 SJ Lite Edition


---------------------
; Table of Contents ;
---------------------
  1. Legal Notice
  2. Partition Merge Summary
  3. Partition Merge Netlist Types Used
  4. Connections to In-System Debugging Instance "auto_signaltap_0"
  5. Partition Merge Partition Statistics
  6. Partition Merge Partition Pin Processing
  7. Partition Merge Resource Usage Summary
  8. Partition Merge RAM Summary
  9. Partition Merge DSP Block Usage Summary
 10. Partition Merge Messages



----------------
; Legal Notice ;
----------------
Copyright (C) 2017  Intel Corporation. All rights reserved.
Your use of Intel Corporation's design tools, logic functions 
and other software and tools, and its AMPP partner logic 
functions, and any output files from any of the foregoing 
(including device programming or simulation files), and any 
associated documentation or information are expressly subject 
to the terms and conditions of the Intel Program License 
Subscription Agreement, the Intel Quartus Prime License Agreement,
the Intel MegaCore Function License Agreement, or other 
applicable license agreement, including, without limitation, 
that your use is for the sole purpose of programming logic 
devices manufactured by Intel and sold by Intel or its 
authorized distributors.  Please refer to the applicable 
agreement for further details.



+----------------------------------------------------------------------------------+
; Partition Merge Summary                                                          ;
+------------------------------------+---------------------------------------------+
; Partition Merge Status             ; Successful - Thu Sep 15 01:29:09 2022       ;
; Quartus Prime Version              ; 17.0.0 Build 595 04/25/2017 SJ Lite Edition ;
; Revision Name                      ; DE0_top                                     ;
; Top-level Entity Name              ; DE0_top                                     ;
; Family                             ; MAX 10                                      ;
; Total logic elements               ; 20,542                                      ;
;     Total combinational functions  ; 11,017                                      ;
;     Dedicated logic registers      ; 10,129                                      ;
; Total registers                    ; 10129                                       ;
; Total pins                         ; 66                                          ;
; Total virtual pins                 ; 0                                           ;
; Total memory bits                  ; 384                                         ;
; Embedded Multiplier 9-bit elements ; 1                                           ;
; Total PLLs                         ; 1                                           ;
; UFM blocks                         ; 0                                           ;
; ADC blocks                         ; 0                                           ;
+------------------------------------+---------------------------------------------+


+-------------------------------------------------------------------------------------------------------------------------------+
; Partition Merge Netlist Types Used                                                                                            ;
+--------------------------------+----------------+-------------------+------------------------+--------------------------------+
; Partition Name                 ; Partition Type ; Netlist Type Used ; Netlist Type Requested ; Partition Contents             ;
+--------------------------------+----------------+-------------------+------------------------+--------------------------------+
; Top                            ; User-created   ; Source File       ; Source File            ;                                ;
; sld_hub:auto_hub               ; Auto-generated ; Post-Synthesis    ; Post-Synthesis         ; sld_hub:auto_hub               ;
; sld_signaltap:auto_signaltap_0 ; Auto-generated ; Post-Synthesis    ; Post-Synthesis         ; sld_signaltap:auto_signaltap_0 ;
; hard_block:auto_generated_inst ; Auto-generated ; Source File       ; Source File            ; hard_block:auto_generated_inst ;
+--------------------------------+----------------+-------------------+------------------------+--------------------------------+


+-------------------------------------------------------------------------------------------------------------------------------------------------------------------+
; Connections to In-System Debugging Instance "auto_signaltap_0"                                                                                                    ;
+-----------------------------------+--------------+-----------+--------------------------------+-------------------+-------------------------------------+---------+
; Name                              ; Type         ; Status    ; Partition Name                 ; Netlist Type Used ; Actual Connection                   ; Details ;
+-----------------------------------+--------------+-----------+--------------------------------+-------------------+-------------------------------------+---------+
; auto_signaltap_0|gnd              ; post-fitting ; connected ; sld_signaltap:auto_signaltap_0 ; post-synthesis    ; sld_signaltap:auto_signaltap_0|~GND ; N/A     ;
; auto_signaltap_0|gnd              ; post-fitting ; connected ; sld_signaltap:auto_signaltap_0 ; post-synthesis    ; sld_signaltap:auto_signaltap_0|~GND ; N/A     ;
; auto_signaltap_0|gnd              ; post-fitting ; connected ; sld_signaltap:auto_signaltap_0 ; post-synthesis    ; sld_signaltap:auto_signaltap_0|~GND ; N/A     ;
; auto_signaltap_0|gnd              ; post-fitting ; connected ; sld_signaltap:auto_signaltap_0 ; post-synthesis    ; sld_signaltap:auto_signaltap_0|~GND ; N/A     ;
; auto_signaltap_0|gnd              ; post-fitting ; connected ; sld_signaltap:auto_signaltap_0 ; post-synthesis    ; sld_signaltap:auto_signaltap_0|~GND ; N/A     ;
; auto_signaltap_0|gnd              ; post-fitting ; connected ; sld_signaltap:auto_signaltap_0 ; post-synthesis    ; sld_signaltap:auto_signaltap_0|~GND ; N/A     ;
; auto_signaltap_0|gnd              ; post-fitting ; connected ; sld_signaltap:auto_signaltap_0 ; post-synthesis    ; sld_signaltap:auto_signaltap_0|~GND ; N/A     ;
; auto_signaltap_0|gnd              ; post-fitting ; connected ; sld_signaltap:auto_signaltap_0 ; post-synthesis    ; sld_signaltap:auto_signaltap_0|~GND ; N/A     ;
; auto_signaltap_0|gnd              ; post-fitting ; connected ; sld_signaltap:auto_signaltap_0 ; post-synthesis    ; sld_signaltap:auto_signaltap_0|~GND ; N/A     ;
; auto_signaltap_0|gnd              ; post-fitting ; connected ; sld_signaltap:auto_signaltap_0 ; post-synthesis    ; sld_signaltap:auto_signaltap_0|~GND ; N/A     ;
; auto_signaltap_0|gnd              ; post-fitting ; connected ; sld_signaltap:auto_signaltap_0 ; post-synthesis    ; sld_signaltap:auto_signaltap_0|~GND ; N/A     ;
; auto_signaltap_0|gnd              ; post-fitting ; connected ; sld_signaltap:auto_signaltap_0 ; post-synthesis    ; sld_signaltap:auto_signaltap_0|~GND ; N/A     ;
; auto_signaltap_0|gnd              ; post-fitting ; connected ; sld_signaltap:auto_signaltap_0 ; post-synthesis    ; sld_signaltap:auto_signaltap_0|~GND ; N/A     ;
; auto_signaltap_0|gnd              ; post-fitting ; connected ; sld_signaltap:auto_signaltap_0 ; post-synthesis    ; sld_signaltap:auto_signaltap_0|~GND ; N/A     ;
; auto_signaltap_0|gnd              ; post-fitting ; connected ; sld_signaltap:auto_signaltap_0 ; post-synthesis    ; sld_signaltap:auto_signaltap_0|~GND ; N/A     ;
; auto_signaltap_0|vcc              ; post-fitting ; connected ; sld_signaltap:auto_signaltap_0 ; post-synthesis    ; sld_signaltap:auto_signaltap_0|~VCC ; N/A     ;
; auto_signaltap_0|vcc              ; post-fitting ; connected ; sld_signaltap:auto_signaltap_0 ; post-synthesis    ; sld_signaltap:auto_signaltap_0|~VCC ; N/A     ;
; auto_signaltap_0|vcc              ; post-fitting ; connected ; sld_signaltap:auto_signaltap_0 ; post-synthesis    ; sld_signaltap:auto_signaltap_0|~VCC ; N/A     ;
; auto_signaltap_0|vcc              ; post-fitting ; connected ; sld_signaltap:auto_signaltap_0 ; post-synthesis    ; sld_signaltap:auto_signaltap_0|~VCC ; N/A     ;
; auto_signaltap_0|vcc              ; post-fitting ; connected ; sld_signaltap:auto_signaltap_0 ; post-synthesis    ; sld_signaltap:auto_signaltap_0|~VCC ; N/A     ;
; auto_signaltap_0|vcc              ; post-fitting ; connected ; sld_signaltap:auto_signaltap_0 ; post-synthesis    ; sld_signaltap:auto_signaltap_0|~VCC ; N/A     ;
; auto_signaltap_0|vcc              ; post-fitting ; connected ; sld_signaltap:auto_signaltap_0 ; post-synthesis    ; sld_signaltap:auto_signaltap_0|~VCC ; N/A     ;
; auto_signaltap_0|vcc              ; post-fitting ; connected ; sld_signaltap:auto_signaltap_0 ; post-synthesis    ; sld_signaltap:auto_signaltap_0|~VCC ; N/A     ;
; auto_signaltap_0|vcc              ; post-fitting ; connected ; sld_signaltap:auto_signaltap_0 ; post-synthesis    ; sld_signaltap:auto_signaltap_0|~VCC ; N/A     ;
; auto_signaltap_0|vcc              ; post-fitting ; connected ; sld_signaltap:auto_signaltap_0 ; post-synthesis    ; sld_signaltap:auto_signaltap_0|~VCC ; N/A     ;
; auto_signaltap_0|vcc              ; post-fitting ; connected ; sld_signaltap:auto_signaltap_0 ; post-synthesis    ; sld_signaltap:auto_signaltap_0|~VCC ; N/A     ;
; auto_signaltap_0|vcc              ; post-fitting ; connected ; sld_signaltap:auto_signaltap_0 ; post-synthesis    ; sld_signaltap:auto_signaltap_0|~VCC ; N/A     ;
; auto_signaltap_0|vcc              ; post-fitting ; connected ; sld_signaltap:auto_signaltap_0 ; post-synthesis    ; sld_signaltap:auto_signaltap_0|~VCC ; N/A     ;
; auto_signaltap_0|vcc              ; post-fitting ; connected ; sld_signaltap:auto_signaltap_0 ; post-synthesis    ; sld_signaltap:auto_signaltap_0|~VCC ; N/A     ;
; auto_signaltap_0|vcc              ; post-fitting ; connected ; sld_signaltap:auto_signaltap_0 ; post-synthesis    ; sld_signaltap:auto_signaltap_0|~VCC ; N/A     ;
; auto_signaltap_0|vcc              ; post-fitting ; connected ; sld_signaltap:auto_signaltap_0 ; post-synthesis    ; sld_signaltap:auto_signaltap_0|~VCC ; N/A     ;
; auto_signaltap_0|vcc              ; post-fitting ; connected ; sld_signaltap:auto_signaltap_0 ; post-synthesis    ; sld_signaltap:auto_signaltap_0|~VCC ; N/A     ;
; clock_to_core                     ; post-fitting ; connected ; Top                            ; post-synthesis    ; clock_to_core                       ; N/A     ;
; encryptor:ai_accelerator|done_bit ; post-fitting ; connected ; Top                            ; post-synthesis    ; encryptor:ai_accelerator|done_bit   ; N/A     ;
; encryptor:ai_accelerator|done_bit ; post-fitting ; connected ; Top                            ; post-synthesis    ; encryptor:ai_accelerator|done_bit   ; N/A     ;
; encryptor:ai_accelerator|done_bit ; post-fitting ; connected ; Top                            ; post-synthesis    ; encryptor:ai_accelerator|done_bit   ; N/A     ;
; encryptor:ai_accelerator|go_bit   ; post-fitting ; connected ; Top                            ; post-synthesis    ; encryptor:ai_accelerator|go_bit     ; N/A     ;
; encryptor:ai_accelerator|go_bit   ; post-fitting ; connected ; Top                            ; post-synthesis    ; encryptor:ai_accelerator|go_bit     ; N/A     ;
; encryptor:ai_accelerator|go_bit   ; post-fitting ; connected ; Top                            ; post-synthesis    ; encryptor:ai_accelerator|go_bit     ; N/A     ;
+-----------------------------------+--------------+-----------+--------------------------------+-------------------+-------------------------------------+---------+


+------------------------------------------------------------------------------------------------------------------------------------------+
; Partition Merge Partition Statistics                                                                                                     ;
+---------------------------------------------+-------+------------------+--------------------------------+--------------------------------+
; Statistic                                   ; Top   ; sld_hub:auto_hub ; sld_signaltap:auto_signaltap_0 ; hard_block:auto_generated_inst ;
+---------------------------------------------+-------+------------------+--------------------------------+--------------------------------+
; Estimated Total logic elements              ; 19997 ; 152              ; 393                            ; 0                              ;
;                                             ;       ;                  ;                                ;                                ;
; Total combinational functions               ; 10602 ; 125              ; 290                            ; 0                              ;
; Logic element usage by number of LUT inputs ;       ;                  ;                                ;                                ;
;     -- 4 input functions                    ; 8836  ; 56               ; 106                            ; 0                              ;
;     -- 3 input functions                    ; 1485  ; 34               ; 86                             ; 0                              ;
;     -- <=2 input functions                  ; 281   ; 35               ; 98                             ; 0                              ;
;                                             ;       ;                  ;                                ;                                ;
; Logic elements by mode                      ;       ;                  ;                                ;                                ;
;     -- normal mode                          ; 10328 ; 117              ; 233                            ; 0                              ;
;     -- arithmetic mode                      ; 274   ; 8                ; 57                             ; 0                              ;
;                                             ;       ;                  ;                                ;                                ;
; Total registers                             ; 9751  ; 91               ; 287                            ; 0                              ;
;     -- Dedicated logic registers            ; 9751  ; 91               ; 287                            ; 0                              ;
;     -- I/O registers                        ; 0     ; 0                ; 0                              ; 0                              ;
;                                             ;       ;                  ;                                ;                                ;
; Virtual pins                                ; 0     ; 0                ; 0                              ; 0                              ;
; I/O pins                                    ; 66    ; 0                ; 0                              ; 0                              ;
; Embedded Multiplier 9-bit elements          ; 1     ; 0                ; 0                              ; 0                              ;
; Total memory bits                           ; 0     ; 0                ; 384                            ; 0                              ;
; Total RAM block bits                        ; 0     ; 0                ; 0                              ; 0                              ;
; JTAG                                        ; 1     ; 0                ; 0                              ; 0                              ;
; PLL                                         ; 0     ; 0                ; 0                              ; 1                              ;
;                                             ;       ;                  ;                                ;                                ;
; Connections                                 ;       ;                  ;                                ;                                ;
;     -- Input Connections                    ; 57    ; 134              ; 450                            ; 1                              ;
;     -- Registered Input Connections         ; 55    ; 102              ; 311                            ; 0                              ;
;     -- Output Connections                   ; 430   ; 122              ; 34                             ; 56                             ;
;     -- Registered Output Connections        ; 8     ; 122              ; 0                              ; 0                              ;
;                                             ;       ;                  ;                                ;                                ;
; Internal Connections                        ;       ;                  ;                                ;                                ;
;     -- Total Connections                    ; 79831 ; 811              ; 1919                           ; 58                             ;
;     -- Registered Connections               ; 23926 ; 585              ; 1020                           ; 0                              ;
;                                             ;       ;                  ;                                ;                                ;
; External Connections                        ;       ;                  ;                                ;                                ;
;     -- Top                                  ; 0     ; 123              ; 307                            ; 57                             ;
;     -- sld_hub:auto_hub                     ; 123   ; 20               ; 113                            ; 0                              ;
;     -- sld_signaltap:auto_signaltap_0       ; 307   ; 113              ; 64                             ; 0                              ;
;     -- hard_block:auto_generated_inst       ; 57    ; 0                ; 0                              ; 0                              ;
;                                             ;       ;                  ;                                ;                                ;
; Partition Interface                         ;       ;                  ;                                ;                                ;
;     -- Input Ports                          ; 17    ; 45               ; 75                             ; 1                              ;
;     -- Output Ports                         ; 53    ; 62               ; 19                             ; 1                              ;
;     -- Bidir Ports                          ; 0     ; 0                ; 0                              ; 0                              ;
;                                             ;       ;                  ;                                ;                                ;
; Registered Ports                            ;       ;                  ;                                ;                                ;
;     -- Registered Input Ports               ; 0     ; 4                ; 8                              ; 0                              ;
;     -- Registered Output Ports              ; 0     ; 29               ; 5                              ; 0                              ;
;                                             ;       ;                  ;                                ;                                ;
; Port Connectivity                           ;       ;                  ;                                ;                                ;
;     -- Input Ports driven by GND            ; 0     ; 0                ; 15                             ; 0                              ;
;     -- Output Ports driven by GND           ; 0     ; 28               ; 2                              ; 0                              ;
;     -- Input Ports driven by VCC            ; 0     ; 0                ; 17                             ; 0                              ;
;     -- Output Ports driven by VCC           ; 0     ; 0                ; 1                              ; 0                              ;
;     -- Input Ports with no Source           ; 0     ; 25               ; 4                              ; 0                              ;
;     -- Output Ports with no Source          ; 0     ; 0                ; 0                              ; 0                              ;
;     -- Input Ports with no Fanout           ; 0     ; 30               ; 18                             ; 0                              ;
;     -- Output Ports with no Fanout          ; 0     ; 29               ; 7                              ; 0                              ;
+---------------------------------------------+-------+------------------+--------------------------------+--------------------------------+
Note: Resource usage numbers presented for Partitions containing post-synthesis logic are estimates.  For Partitions containing post-fit logic, resource usage numbers are accurate based on previous placement information.  Actual Fitter results may vary depending on current Fitter Preservation Level assignments.


+----------------------------------------------------------------------------------------+
; Partition Merge Partition Pin Processing                                               ;
+-----------------------------------+-----------+---------------+----------+-------------+
; Name                              ; Partition ; Type          ; Location ; Status      ;
+-----------------------------------+-----------+---------------+----------+-------------+
; HEX0[0]                           ; Top       ; Output Port   ; n/a      ;             ;
;     -- HEX0[0]                    ; Top       ; Output Pad    ; Unplaced ; Synthesized ;
;     -- HEX0[0]~output             ; Top       ; Output Buffer ; Unplaced ; Synthesized ;
;                                   ;           ;               ;          ;             ;
; HEX0[1]                           ; Top       ; Output Port   ; n/a      ;             ;
;     -- HEX0[1]                    ; Top       ; Output Pad    ; Unplaced ; Synthesized ;
;     -- HEX0[1]~output             ; Top       ; Output Buffer ; Unplaced ; Synthesized ;
;                                   ;           ;               ;          ;             ;
; HEX0[2]                           ; Top       ; Output Port   ; n/a      ;             ;
;     -- HEX0[2]                    ; Top       ; Output Pad    ; Unplaced ; Synthesized ;
;     -- HEX0[2]~output             ; Top       ; Output Buffer ; Unplaced ; Synthesized ;
;                                   ;           ;               ;          ;             ;
; HEX0[3]                           ; Top       ; Output Port   ; n/a      ;             ;
;     -- HEX0[3]                    ; Top       ; Output Pad    ; Unplaced ; Synthesized ;
;     -- HEX0[3]~output             ; Top       ; Output Buffer ; Unplaced ; Synthesized ;
;                                   ;           ;               ;          ;             ;
; HEX0[4]                           ; Top       ; Output Port   ; n/a      ;             ;
;     -- HEX0[4]                    ; Top       ; Output Pad    ; Unplaced ; Synthesized ;
;     -- HEX0[4]~output             ; Top       ; Output Buffer ; Unplaced ; Synthesized ;
;                                   ;           ;               ;          ;             ;
; HEX0[5]                           ; Top       ; Output Port   ; n/a      ;             ;
;     -- HEX0[5]                    ; Top       ; Output Pad    ; Unplaced ; Synthesized ;
;     -- HEX0[5]~output             ; Top       ; Output Buffer ; Unplaced ; Synthesized ;
;                                   ;           ;               ;          ;             ;
; HEX0[6]                           ; Top       ; Output Port   ; n/a      ;             ;
;     -- HEX0[6]                    ; Top       ; Output Pad    ; Unplaced ; Synthesized ;
;     -- HEX0[6]~output             ; Top       ; Output Buffer ; Unplaced ; Synthesized ;
;                                   ;           ;               ;          ;             ;
; HEX1[0]                           ; Top       ; Output Port   ; n/a      ;             ;
;     -- HEX1[0]                    ; Top       ; Output Pad    ; Unplaced ; Synthesized ;
;     -- HEX1[0]~output             ; Top       ; Output Buffer ; Unplaced ; Synthesized ;
;                                   ;           ;               ;          ;             ;
; HEX1[1]                           ; Top       ; Output Port   ; n/a      ;             ;
;     -- HEX1[1]                    ; Top       ; Output Pad    ; Unplaced ; Synthesized ;
;     -- HEX1[1]~output             ; Top       ; Output Buffer ; Unplaced ; Synthesized ;
;                                   ;           ;               ;          ;             ;
; HEX1[2]                           ; Top       ; Output Port   ; n/a      ;             ;
;     -- HEX1[2]                    ; Top       ; Output Pad    ; Unplaced ; Synthesized ;
;     -- HEX1[2]~output             ; Top       ; Output Buffer ; Unplaced ; Synthesized ;
;                                   ;           ;               ;          ;             ;
; HEX1[3]                           ; Top       ; Output Port   ; n/a      ;             ;
;     -- HEX1[3]                    ; Top       ; Output Pad    ; Unplaced ; Synthesized ;
;     -- HEX1[3]~output             ; Top       ; Output Buffer ; Unplaced ; Synthesized ;
;                                   ;           ;               ;          ;             ;
; HEX1[4]                           ; Top       ; Output Port   ; n/a      ;             ;
;     -- HEX1[4]                    ; Top       ; Output Pad    ; Unplaced ; Synthesized ;
;     -- HEX1[4]~output             ; Top       ; Output Buffer ; Unplaced ; Synthesized ;
;                                   ;           ;               ;          ;             ;
; HEX1[5]                           ; Top       ; Output Port   ; n/a      ;             ;
;     -- HEX1[5]                    ; Top       ; Output Pad    ; Unplaced ; Synthesized ;
;     -- HEX1[5]~output             ; Top       ; Output Buffer ; Unplaced ; Synthesized ;
;                                   ;           ;               ;          ;             ;
; HEX1[6]                           ; Top       ; Output Port   ; n/a      ;             ;
;     -- HEX1[6]                    ; Top       ; Output Pad    ; Unplaced ; Synthesized ;
;     -- HEX1[6]~output             ; Top       ; Output Buffer ; Unplaced ; Synthesized ;
;                                   ;           ;               ;          ;             ;
; HEX2[0]                           ; Top       ; Output Port   ; n/a      ;             ;
;     -- HEX2[0]                    ; Top       ; Output Pad    ; Unplaced ; Synthesized ;
;     -- HEX2[0]~output             ; Top       ; Output Buffer ; Unplaced ; Synthesized ;
;                                   ;           ;               ;          ;             ;
; HEX2[1]                           ; Top       ; Output Port   ; n/a      ;             ;
;     -- HEX2[1]                    ; Top       ; Output Pad    ; Unplaced ; Synthesized ;
;     -- HEX2[1]~output             ; Top       ; Output Buffer ; Unplaced ; Synthesized ;
;                                   ;           ;               ;          ;             ;
; HEX2[2]                           ; Top       ; Output Port   ; n/a      ;             ;
;     -- HEX2[2]                    ; Top       ; Output Pad    ; Unplaced ; Synthesized ;
;     -- HEX2[2]~output             ; Top       ; Output Buffer ; Unplaced ; Synthesized ;
;                                   ;           ;               ;          ;             ;
; HEX2[3]                           ; Top       ; Output Port   ; n/a      ;             ;
;     -- HEX2[3]                    ; Top       ; Output Pad    ; Unplaced ; Synthesized ;
;     -- HEX2[3]~output             ; Top       ; Output Buffer ; Unplaced ; Synthesized ;
;                                   ;           ;               ;          ;             ;
; HEX2[4]                           ; Top       ; Output Port   ; n/a      ;             ;
;     -- HEX2[4]                    ; Top       ; Output Pad    ; Unplaced ; Synthesized ;
;     -- HEX2[4]~output             ; Top       ; Output Buffer ; Unplaced ; Synthesized ;
;                                   ;           ;               ;          ;             ;
; HEX2[5]                           ; Top       ; Output Port   ; n/a      ;             ;
;     -- HEX2[5]                    ; Top       ; Output Pad    ; Unplaced ; Synthesized ;
;     -- HEX2[5]~output             ; Top       ; Output Buffer ; Unplaced ; Synthesized ;
;                                   ;           ;               ;          ;             ;
; HEX2[6]                           ; Top       ; Output Port   ; n/a      ;             ;
;     -- HEX2[6]                    ; Top       ; Output Pad    ; Unplaced ; Synthesized ;
;     -- HEX2[6]~output             ; Top       ; Output Buffer ; Unplaced ; Synthesized ;
;                                   ;           ;               ;          ;             ;
; HEX3[0]                           ; Top       ; Output Port   ; n/a      ;             ;
;     -- HEX3[0]                    ; Top       ; Output Pad    ; Unplaced ; Synthesized ;
;     -- HEX3[0]~output             ; Top       ; Output Buffer ; Unplaced ; Synthesized ;
;                                   ;           ;               ;          ;             ;
; HEX3[1]                           ; Top       ; Output Port   ; n/a      ;             ;
;     -- HEX3[1]                    ; Top       ; Output Pad    ; Unplaced ; Synthesized ;
;     -- HEX3[1]~output             ; Top       ; Output Buffer ; Unplaced ; Synthesized ;
;                                   ;           ;               ;          ;             ;
; HEX3[2]                           ; Top       ; Output Port   ; n/a      ;             ;
;     -- HEX3[2]                    ; Top       ; Output Pad    ; Unplaced ; Synthesized ;
;     -- HEX3[2]~output             ; Top       ; Output Buffer ; Unplaced ; Synthesized ;
;                                   ;           ;               ;          ;             ;
; HEX3[3]                           ; Top       ; Output Port   ; n/a      ;             ;
;     -- HEX3[3]                    ; Top       ; Output Pad    ; Unplaced ; Synthesized ;
;     -- HEX3[3]~output             ; Top       ; Output Buffer ; Unplaced ; Synthesized ;
;                                   ;           ;               ;          ;             ;
; HEX3[4]                           ; Top       ; Output Port   ; n/a      ;             ;
;     -- HEX3[4]                    ; Top       ; Output Pad    ; Unplaced ; Synthesized ;
;     -- HEX3[4]~output             ; Top       ; Output Buffer ; Unplaced ; Synthesized ;
;                                   ;           ;               ;          ;             ;
; HEX3[5]                           ; Top       ; Output Port   ; n/a      ;             ;
;     -- HEX3[5]                    ; Top       ; Output Pad    ; Unplaced ; Synthesized ;
;     -- HEX3[5]~output             ; Top       ; Output Buffer ; Unplaced ; Synthesized ;
;                                   ;           ;               ;          ;             ;
; HEX3[6]                           ; Top       ; Output Port   ; n/a      ;             ;
;     -- HEX3[6]                    ; Top       ; Output Pad    ; Unplaced ; Synthesized ;
;     -- HEX3[6]~output             ; Top       ; Output Buffer ; Unplaced ; Synthesized ;
;                                   ;           ;               ;          ;             ;
; HEX4[0]                           ; Top       ; Output Port   ; n/a      ;             ;
;     -- HEX4[0]                    ; Top       ; Output Pad    ; Unplaced ; Synthesized ;
;     -- HEX4[0]~output             ; Top       ; Output Buffer ; Unplaced ; Synthesized ;
;                                   ;           ;               ;          ;             ;
; HEX4[1]                           ; Top       ; Output Port   ; n/a      ;             ;
;     -- HEX4[1]                    ; Top       ; Output Pad    ; Unplaced ; Synthesized ;
;     -- HEX4[1]~output             ; Top       ; Output Buffer ; Unplaced ; Synthesized ;
;                                   ;           ;               ;          ;             ;
; HEX4[2]                           ; Top       ; Output Port   ; n/a      ;             ;
;     -- HEX4[2]                    ; Top       ; Output Pad    ; Unplaced ; Synthesized ;
;     -- HEX4[2]~output             ; Top       ; Output Buffer ; Unplaced ; Synthesized ;
;                                   ;           ;               ;          ;             ;
; HEX4[3]                           ; Top       ; Output Port   ; n/a      ;             ;
;     -- HEX4[3]                    ; Top       ; Output Pad    ; Unplaced ; Synthesized ;
;     -- HEX4[3]~output             ; Top       ; Output Buffer ; Unplaced ; Synthesized ;
;                                   ;           ;               ;          ;             ;
; HEX4[4]                           ; Top       ; Output Port   ; n/a      ;             ;
;     -- HEX4[4]                    ; Top       ; Output Pad    ; Unplaced ; Synthesized ;
;     -- HEX4[4]~output             ; Top       ; Output Buffer ; Unplaced ; Synthesized ;
;                                   ;           ;               ;          ;             ;
; HEX4[5]                           ; Top       ; Output Port   ; n/a      ;             ;
;     -- HEX4[5]                    ; Top       ; Output Pad    ; Unplaced ; Synthesized ;
;     -- HEX4[5]~output             ; Top       ; Output Buffer ; Unplaced ; Synthesized ;
;                                   ;           ;               ;          ;             ;
; HEX4[6]                           ; Top       ; Output Port   ; n/a      ;             ;
;     -- HEX4[6]                    ; Top       ; Output Pad    ; Unplaced ; Synthesized ;
;     -- HEX4[6]~output             ; Top       ; Output Buffer ; Unplaced ; Synthesized ;
;                                   ;           ;               ;          ;             ;
; HEX5[0]                           ; Top       ; Output Port   ; n/a      ;             ;
;     -- HEX5[0]                    ; Top       ; Output Pad    ; Unplaced ; Synthesized ;
;     -- HEX5[0]~output             ; Top       ; Output Buffer ; Unplaced ; Synthesized ;
;                                   ;           ;               ;          ;             ;
; HEX5[1]                           ; Top       ; Output Port   ; n/a      ;             ;
;     -- HEX5[1]                    ; Top       ; Output Pad    ; Unplaced ; Synthesized ;
;     -- HEX5[1]~output             ; Top       ; Output Buffer ; Unplaced ; Synthesized ;
;                                   ;           ;               ;          ;             ;
; HEX5[2]                           ; Top       ; Output Port   ; n/a      ;             ;
;     -- HEX5[2]                    ; Top       ; Output Pad    ; Unplaced ; Synthesized ;
;     -- HEX5[2]~output             ; Top       ; Output Buffer ; Unplaced ; Synthesized ;
;                                   ;           ;               ;          ;             ;
; HEX5[3]                           ; Top       ; Output Port   ; n/a      ;             ;
;     -- HEX5[3]                    ; Top       ; Output Pad    ; Unplaced ; Synthesized ;
;     -- HEX5[3]~output             ; Top       ; Output Buffer ; Unplaced ; Synthesized ;
;                                   ;           ;               ;          ;             ;
; HEX5[4]                           ; Top       ; Output Port   ; n/a      ;             ;
;     -- HEX5[4]                    ; Top       ; Output Pad    ; Unplaced ; Synthesized ;
;     -- HEX5[4]~output             ; Top       ; Output Buffer ; Unplaced ; Synthesized ;
;                                   ;           ;               ;          ;             ;
; HEX5[5]                           ; Top       ; Output Port   ; n/a      ;             ;
;     -- HEX5[5]                    ; Top       ; Output Pad    ; Unplaced ; Synthesized ;
;     -- HEX5[5]~output             ; Top       ; Output Buffer ; Unplaced ; Synthesized ;
;                                   ;           ;               ;          ;             ;
; HEX5[6]                           ; Top       ; Output Port   ; n/a      ;             ;
;     -- HEX5[6]                    ; Top       ; Output Pad    ; Unplaced ; Synthesized ;
;     -- HEX5[6]~output             ; Top       ; Output Buffer ; Unplaced ; Synthesized ;
;                                   ;           ;               ;          ;             ;
; LEDR[0]                           ; Top       ; Output Port   ; n/a      ;             ;
;     -- LEDR[0]                    ; Top       ; Output Pad    ; Unplaced ; Synthesized ;
;     -- LEDR[0]~output             ; Top       ; Output Buffer ; Unplaced ; Synthesized ;
;                                   ;           ;               ;          ;             ;
; LEDR[1]                           ; Top       ; Output Port   ; n/a      ;             ;
;     -- LEDR[1]                    ; Top       ; Output Pad    ; Unplaced ; Synthesized ;
;     -- LEDR[1]~output             ; Top       ; Output Buffer ; Unplaced ; Synthesized ;
;                                   ;           ;               ;          ;             ;
; LEDR[2]                           ; Top       ; Output Port   ; n/a      ;             ;
;     -- LEDR[2]                    ; Top       ; Output Pad    ; Unplaced ; Synthesized ;
;     -- LEDR[2]~output             ; Top       ; Output Buffer ; Unplaced ; Synthesized ;
;                                   ;           ;               ;          ;             ;
; LEDR[3]                           ; Top       ; Output Port   ; n/a      ;             ;
;     -- LEDR[3]                    ; Top       ; Output Pad    ; Unplaced ; Synthesized ;
;     -- LEDR[3]~output             ; Top       ; Output Buffer ; Unplaced ; Synthesized ;
;                                   ;           ;               ;          ;             ;
; LEDR[4]                           ; Top       ; Output Port   ; n/a      ;             ;
;     -- LEDR[4]                    ; Top       ; Output Pad    ; Unplaced ; Synthesized ;
;     -- LEDR[4]~output             ; Top       ; Output Buffer ; Unplaced ; Synthesized ;
;                                   ;           ;               ;          ;             ;
; LEDR[5]                           ; Top       ; Output Port   ; n/a      ;             ;
;     -- LEDR[5]                    ; Top       ; Output Pad    ; Unplaced ; Synthesized ;
;     -- LEDR[5]~output             ; Top       ; Output Buffer ; Unplaced ; Synthesized ;
;                                   ;           ;               ;          ;             ;
; LEDR[6]                           ; Top       ; Output Port   ; n/a      ;             ;
;     -- LEDR[6]                    ; Top       ; Output Pad    ; Unplaced ; Synthesized ;
;     -- LEDR[6]~output             ; Top       ; Output Buffer ; Unplaced ; Synthesized ;
;                                   ;           ;               ;          ;             ;
; LEDR[7]                           ; Top       ; Output Port   ; n/a      ;             ;
;     -- LEDR[7]                    ; Top       ; Output Pad    ; Unplaced ; Synthesized ;
;     -- LEDR[7]~output             ; Top       ; Output Buffer ; Unplaced ; Synthesized ;
;                                   ;           ;               ;          ;             ;
; LEDR[8]                           ; Top       ; Output Port   ; n/a      ;             ;
;     -- LEDR[8]                    ; Top       ; Output Pad    ; Unplaced ; Synthesized ;
;     -- LEDR[8]~output             ; Top       ; Output Buffer ; Unplaced ; Synthesized ;
;                                   ;           ;               ;          ;             ;
; LEDR[9]                           ; Top       ; Output Port   ; n/a      ;             ;
;     -- LEDR[9]                    ; Top       ; Output Pad    ; Unplaced ; Synthesized ;
;     -- LEDR[9]~output             ; Top       ; Output Buffer ; Unplaced ; Synthesized ;
;                                   ;           ;               ;          ;             ;
; MAX10_CLK1_50                     ; Top       ; Input Port    ; n/a      ;             ;
;     -- MAX10_CLK1_50              ; Top       ; Input Pad     ; Unplaced ; Synthesized ;
;     -- MAX10_CLK1_50~input        ; Top       ; Input Buffer  ; Unplaced ; Synthesized ;
;                                   ;           ;               ;          ;             ;
; MAX10_CLK2_50_2                   ; Top       ; Input Port    ; n/a      ;             ;
;     -- MAX10_CLK2_50_2            ; Top       ; Input Pad     ; Unplaced ; Synthesized ;
;     -- MAX10_CLK2_50_2~input      ; Top       ; Input Buffer  ; Unplaced ; Synthesized ;
;                                   ;           ;               ;          ;             ;
; ORG_KEY[0]                        ; Top       ; Input Port    ; n/a      ;             ;
;     -- ORG_KEY[0]                 ; Top       ; Input Pad     ; Unplaced ; Synthesized ;
;     -- ORG_KEY[0]~input           ; Top       ; Input Buffer  ; Unplaced ; Synthesized ;
;                                   ;           ;               ;          ;             ;
; ORG_KEY[1]                        ; Top       ; Input Port    ; n/a      ;             ;
;     -- ORG_KEY[1]                 ; Top       ; Input Pad     ; Unplaced ; Synthesized ;
;     -- ORG_KEY[1]~input           ; Top       ; Input Buffer  ; Unplaced ; Synthesized ;
;                                   ;           ;               ;          ;             ;
; SW[0]                             ; Top       ; Input Port    ; n/a      ;             ;
;     -- SW[0]                      ; Top       ; Input Pad     ; Unplaced ; Synthesized ;
;     -- SW[0]~input                ; Top       ; Input Buffer  ; Unplaced ; Synthesized ;
;                                   ;           ;               ;          ;             ;
; SW[1]                             ; Top       ; Input Port    ; n/a      ;             ;
;     -- SW[1]                      ; Top       ; Input Pad     ; Unplaced ; Synthesized ;
;     -- SW[1]~input                ; Top       ; Input Buffer  ; Unplaced ; Synthesized ;
;                                   ;           ;               ;          ;             ;
; SW[2]                             ; Top       ; Input Port    ; n/a      ;             ;
;     -- SW[2]                      ; Top       ; Input Pad     ; Unplaced ; Synthesized ;
;     -- SW[2]~input                ; Top       ; Input Buffer  ; Unplaced ; Synthesized ;
;                                   ;           ;               ;          ;             ;
; SW[3]                             ; Top       ; Input Port    ; n/a      ;             ;
;     -- SW[3]                      ; Top       ; Input Pad     ; Unplaced ; Synthesized ;
;     -- SW[3]~input                ; Top       ; Input Buffer  ; Unplaced ; Synthesized ;
;                                   ;           ;               ;          ;             ;
; SW[4]                             ; Top       ; Input Port    ; n/a      ;             ;
;     -- SW[4]                      ; Top       ; Input Pad     ; Unplaced ; Synthesized ;
;     -- SW[4]~input                ; Top       ; Input Buffer  ; Unplaced ; Synthesized ;
;                                   ;           ;               ;          ;             ;
; SW[5]                             ; Top       ; Input Port    ; n/a      ;             ;
;     -- SW[5]                      ; Top       ; Input Pad     ; Unplaced ; Synthesized ;
;     -- SW[5]~input                ; Top       ; Input Buffer  ; Unplaced ; Synthesized ;
;                                   ;           ;               ;          ;             ;
; SW[6]                             ; Top       ; Input Port    ; n/a      ;             ;
;     -- SW[6]                      ; Top       ; Input Pad     ; Unplaced ; Synthesized ;
;     -- SW[6]~input                ; Top       ; Input Buffer  ; Unplaced ; Synthesized ;
;                                   ;           ;               ;          ;             ;
; SW[7]                             ; Top       ; Input Port    ; n/a      ;             ;
;     -- SW[7]                      ; Top       ; Input Pad     ; Unplaced ; Synthesized ;
;     -- SW[7]~input                ; Top       ; Input Buffer  ; Unplaced ; Synthesized ;
;                                   ;           ;               ;          ;             ;
; SW[8]                             ; Top       ; Input Port    ; n/a      ;             ;
;     -- SW[8]                      ; Top       ; Input Pad     ; Unplaced ; Synthesized ;
;     -- SW[8]~input                ; Top       ; Input Buffer  ; Unplaced ; Synthesized ;
;                                   ;           ;               ;          ;             ;
; SW[9]                             ; Top       ; Input Port    ; n/a      ;             ;
;     -- SW[9]                      ; Top       ; Input Pad     ; Unplaced ; Synthesized ;
;     -- SW[9]~input                ; Top       ; Input Buffer  ; Unplaced ; Synthesized ;
;                                   ;           ;               ;          ;             ;
; altera_reserved_tck               ; Top       ; Input Port    ; n/a      ;             ;
;     -- altera_reserved_tck        ; Top       ; Input Pad     ; Unplaced ; Synthesized ;
;     -- altera_reserved_tck~input  ; Top       ; Input Buffer  ; Unplaced ; Synthesized ;
;                                   ;           ;               ;          ;             ;
; altera_reserved_tdi               ; Top       ; Input Port    ; n/a      ;             ;
;     -- altera_reserved_tdi        ; Top       ; Input Pad     ; Unplaced ; Synthesized ;
;     -- altera_reserved_tdi~input  ; Top       ; Input Buffer  ; Unplaced ; Synthesized ;
;                                   ;           ;               ;          ;             ;
; altera_reserved_tdo               ; Top       ; Output Port   ; n/a      ;             ;
;     -- altera_reserved_tdo        ; Top       ; Output Pad    ; Unplaced ; Synthesized ;
;     -- altera_reserved_tdo~output ; Top       ; Output Buffer ; Unplaced ; Synthesized ;
;                                   ;           ;               ;          ;             ;
; altera_reserved_tms               ; Top       ; Input Port    ; n/a      ;             ;
;     -- altera_reserved_tms        ; Top       ; Input Pad     ; Unplaced ; Synthesized ;
;     -- altera_reserved_tms~input  ; Top       ; Input Buffer  ; Unplaced ; Synthesized ;
;                                   ;           ;               ;          ;             ;
+-----------------------------------+-----------+---------------+----------+-------------+


+-------------------------------------------------------------+
; Partition Merge Resource Usage Summary                      ;
+---------------------------------------------+---------------+
; Resource                                    ; Usage         ;
+---------------------------------------------+---------------+
; Estimated Total logic elements              ; 20,542        ;
;                                             ;               ;
; Total combinational functions               ; 11017         ;
; Logic element usage by number of LUT inputs ;               ;
;     -- 4 input functions                    ; 8998          ;
;     -- 3 input functions                    ; 1605          ;
;     -- <=2 input functions                  ; 414           ;
;                                             ;               ;
; Logic elements by mode                      ;               ;
;     -- normal mode                          ; 10678         ;
;     -- arithmetic mode                      ; 339           ;
;                                             ;               ;
; Total registers                             ; 10129         ;
;     -- Dedicated logic registers            ; 10129         ;
;     -- I/O registers                        ; 0             ;
;                                             ;               ;
; I/O pins                                    ; 66            ;
; Total memory bits                           ; 384           ;
;                                             ;               ;
; Embedded Multiplier 9-bit elements          ; 1             ;
;                                             ;               ;
; Total PLLs                                  ; 1             ;
;     -- PLLs                                 ; 1             ;
;                                             ;               ;
; Maximum fan-out node                        ; clock_to_core ;
; Maximum fan-out                             ; 9823          ;
; Total fan-out                               ; 81980         ;
; Average fan-out                             ; 3.85          ;
+---------------------------------------------+---------------+


+-----------------------------------------------------------------------------------------------------------------------------------------------------------------------------------------------------------------------------------------------------------------------------------------------------------+
; Partition Merge RAM Summary                                                                                                                                                                                                                                                                               ;
+-------------------------------------------------------------------------------------------------------------------------------------------------------------------------------------------------------+------+------------------+--------------+--------------+--------------+--------------+------+------+
; Name                                                                                                                                                                                                  ; Type ; Mode             ; Port A Depth ; Port A Width ; Port B Depth ; Port B Width ; Size ; MIF  ;
+-------------------------------------------------------------------------------------------------------------------------------------------------------------------------------------------------------+------+------------------+--------------+--------------+--------------+--------------+------+------+
; sld_signaltap:auto_signaltap_0|sld_signaltap_impl:sld_signaltap_body|sld_signaltap_implb:sld_signaltap_body|altsyncram:\stp_non_zero_ram_gen:stp_buffer_ram|altsyncram_ic14:auto_generated|ALTSYNCRAM ; AUTO ; Simple Dual Port ; 128          ; 3            ; 128          ; 3            ; 384  ; None ;
+-------------------------------------------------------------------------------------------------------------------------------------------------------------------------------------------------------+------+------------------+--------------+--------------+--------------+--------------+------+------+


+-----------------------------------------------------+
; Partition Merge DSP Block Usage Summary             ;
+---------------------------------------+-------------+
; Statistic                             ; Number Used ;
+---------------------------------------+-------------+
; Simple Multipliers (9-bit)            ; 1           ;
; Simple Multipliers (18-bit)           ; 0           ;
; Embedded Multiplier Blocks            ; --          ;
; Embedded Multiplier 9-bit elements    ; 1           ;
; Signed Embedded Multipliers           ; 0           ;
; Unsigned Embedded Multipliers         ; 1           ;
; Mixed Sign Embedded Multipliers       ; 0           ;
; Variable Sign Embedded Multipliers    ; 0           ;
; Dedicated Input Shift Register Chains ; 0           ;
+---------------------------------------+-------------+
Note: number of Embedded Multiplier Blocks used is only available after a successful fit.


+--------------------------+
; Partition Merge Messages ;
+--------------------------+
Info: *******************************************************************
Info: Running Quartus Prime Partition Merge
    Info: Version 17.0.0 Build 595 04/25/2017 SJ Lite Edition
    Info: Processing started: Thu Sep 15 01:29:07 2022
Info: Command: quartus_cdb --read_settings_files=off --write_settings_files=off DE0_top -c DE0_top --merge=on
Info (35007): Using synthesis netlist for partition "Top"
Info (35007): Using synthesis netlist for partition "sld_hub:auto_hub"
Info (35007): Using synthesis netlist for partition "sld_signaltap:auto_signaltap_0"
Info (35024): Successfully connected in-system debug instance "auto_signaltap_0" to all 39 required data inputs, trigger inputs, acquisition clocks, and dynamic pins
Info (35002): Resolved and merged 3 partition(s)
Info (16010): Generating hard_block partition "hard_block:auto_generated_inst"
    Info (16011): Adding 1 node(s), including 0 DDIO, 1 PLL, 0 transceiver and 0 LCELL
Critical Warning (138067): Current license file does not support incremental compilation. The Quartus Prime software removes all the user-specified design partitions in the design automatically.
Warning (21074): Design contains 8 input pin(s) that do not drive logic
    Warning (15610): No output dependent on input pin "MAX10_CLK2_50_2" File: C:/Project Mendelson/AES-128-for-RISCV-CPU/Quartus/DE0_Demo/DE0_top.v Line: 66
    Warning (15610): No output dependent on input pin "SW[3]" File: C:/Project Mendelson/AES-128-for-RISCV-CPU/Quartus/DE0_Demo/DE0_top.v Line: 70
    Warning (15610): No output dependent on input pin "SW[4]" File: C:/Project Mendelson/AES-128-for-RISCV-CPU/Quartus/DE0_Demo/DE0_top.v Line: 70
    Warning (15610): No output dependent on input pin "SW[5]" File: C:/Project Mendelson/AES-128-for-RISCV-CPU/Quartus/DE0_Demo/DE0_top.v Line: 70
    Warning (15610): No output dependent on input pin "SW[6]" File: C:/Project Mendelson/AES-128-for-RISCV-CPU/Quartus/DE0_Demo/DE0_top.v Line: 70
    Warning (15610): No output dependent on input pin "SW[7]" File: C:/Project Mendelson/AES-128-for-RISCV-CPU/Quartus/DE0_Demo/DE0_top.v Line: 70
    Warning (15610): No output dependent on input pin "SW[8]" File: C:/Project Mendelson/AES-128-for-RISCV-CPU/Quartus/DE0_Demo/DE0_top.v Line: 70
    Warning (15610): No output dependent on input pin "SW[9]" File: C:/Project Mendelson/AES-128-for-RISCV-CPU/Quartus/DE0_Demo/DE0_top.v Line: 70
Info (21057): Implemented 20744 device resources after synthesis - the final resource count might be different
    Info (21058): Implemented 17 input pins
    Info (21059): Implemented 53 output pins
    Info (21061): Implemented 20668 logic cells
    Info (21064): Implemented 3 RAM segments
    Info (21065): Implemented 1 PLLs
    Info (21062): Implemented 1 DSP elements
Info: Quartus Prime Partition Merge was successful. 0 errors, 10 warnings
    Info: Peak virtual memory: 4733 megabytes
    Info: Processing ended: Thu Sep 15 01:29:09 2022
    Info: Elapsed time: 00:00:02
    Info: Total CPU time (on all processors): 00:00:02


